{
  "all_residuals_zero": true,
  "clinical_grade": false,
  "complement_residuals": [
    0,
    0,
    0,
    0,
    0,
    0,
    0,
    0,
    0,
    0,
    0,
    0,
    0,
    0,
    0,
    0,
    0,
    0,
    0,
    0,
    0,
    0,
    0,
    0,
    0,
    0,
    0,
    0,
    0,
    0,
    0,
    0,
    0,
    0,
    0,
    0,
    0,
    0,
    0,
    0,
    0,
    0,
    0,
    0,
    0,
    0,
    0,
    0,
    0,
    0,
    0,
    0,
    0,
    0,
    0,
    0,
    0,
    0,
    0,
    0,
    0,
    0,
    0,
    0,
    0,
    0,
    0,
    0,
    0,
    0,
    0,
    0,
    0,
    0,
    0,
    0,
    0,
    0,
    0,
    0,
    0,
    0,
    0,
    0,
    0,
    0,
    0,
    0,
    0,
    0,
    0,
    0,
    0,
    0,
    0,
    0,
    0,
    0,
    0,
    0
  ],
  "disclaimer": "Reference-transcript algebraic matrices only; not tumour alleles, therapeutic validation, or physical energy measurements.",
  "generated_at": "2026-07-19T06:28:12.896308+00:00",
  "matrix_sha256": {
    "pathogenic_reference": "ea672670f153560efa783ab7833bf7b17c3f4f5b09bb990ba97b854ea7cbec1d",
    "therapeutic_complement": "f8ce4961fa5054660dcb0d067ee404aa73559d6b786a10cf9572554d48d7246d"
  },
  "pathogenic_reference_matrix_gf4": [
    [
      0,
      1,
      0,
      0,
      0,
      2,
      1,
      1,
      3,
      1,
      3,
      3,
      1,
      0,
      3,
      1,
      1,
      3,
      3,
      0,
      3,
      2,
      1,
      3,
      3,
      1,
      3,
      3,
      2,
      3,
      1,
      0,
      3,
      3,
      2,
      0,
      0,
      3,
      0,
      3,
      1,
      3,
      2,
      2,
      1,
      1,
      3,
      0
    ],
    [
      0,
      1,
      0,
      0,
      0,
      2,
      1,
      1,
      3,
      1,
      3,
      3,
      1,
      0,
      3,
      1,
      1,
      3,
      3,
      0,
      3,
      2,
      1,
      3,
      3,
      1,
      3,
      3,
      2,
      3,
      1,
      0,
      3,
      3,
      2,
      0,
      0,
      3,
      0,
      3,
      1,
      3,
      2,
      2,
      1,
      1,
      3,
      0
    ],
    [
      0,
      1,
      0,
      0,
      0,
      2,
      1,
      1,
      3,
      1,
      3,
      3,
      1,
      0,
      3,
      1,
      1,
      3,
      3,
      0,
      3,
      2,
      1,
      3,
      3,
      1,
      3,
      3,
      2,
      3,
      1,
      0,
      3,
      3,
      2,
      0,
      0,
      3,
      0,
      3,
      1,
      3,
      2,
      2,
      1,
      1,
      3,
      0
    ],
    [
      1,
      3,
      3,
      0,
      1,
      0,
      1,
      1,
      2,
      1,
      2,
      3,
      0,
      2,
      0,
      2,
      0,
      3,
      2,
      0,
      3,
      3,
      1,
      2,
      0,
      0,
      3,
      0,
      3,
      3,
      0,
      3,
      1,
      0,
      2,
      0,
      3,
      1,
      3,
      2,
      0,
      0,
      1,
      3,
      0,
      3,
      3,
      3
    ],
    [
      0,
      3,
      2,
      0,
      2,
      0,
      1,
      3,
      0,
      2,
      3,
      3,
      0,
      3,
      3,
      1,
      1,
      3,
      1,
      3,
      0,
      3,
      3,
      2,
      3,
      2,
      1,
      3,
      2,
      2,
      2,
      2,
      2,
      0,
      2,
      2,
      0,
      1,
      3,
      0,
      3,
      2,
      3,
      2,
      1,
      3,
      2,
      1
    ],
    [
      3,
      1,
      1,
      2,
      2,
      1,
      3,
      2,
      0,
      1,
      3,
      3,
      3,
      2,
      3,
      3,
      2,
      0,
      1,
      3,
      0,
      0,
      2,
      2,
      3,
      3,
      0,
      3,
      3,
      2,
      2,
      2,
      0,
      1,
      2,
      2,
      1,
      2,
      0,
      2,
      2,
      0,
      1,
      2,
      0,
      1,
      2,
      0
    ],
    [
      1,
      3,
      3,
      3,
      0,
      2,
      3,
      3,
      0,
      0,
      2,
      0,
      3,
      2,
      1,
      1,
      1,
      3,
      0,
      3,
      3,
      1,
      3,
      2,
      3,
      1,
      3,
      1,
      1,
      1,
      3,
      1,
      3,
      2,
      2,
      1,
      3,
      1,
      2,
      2,
      1,
      3,
      3,
      3,
      0,
      3,
      0,
      3
    ],
    [
      1,
      1,
      1,
      3,
      1,
      3,
      2,
      2,
      1,
      3,
      1,
      2,
      2,
      1,
      3,
      3,
      3,
      0,
      3,
      0,
      3,
      0,
      2,
      2,
      3,
      3,
      2,
      3,
      2,
      0,
      2,
      0,
      3,
      0,
      3,
      3,
      0,
      0,
      3,
      0,
      3,
      0,
      0,
      1,
      2,
      1,
      2,
      2
    ],
    [
      1,
      1,
      2,
      0,
      2,
      1,
      3,
      1,
      0,
      0,
      0,
      3,
      2,
      1,
      3,
      3,
      0,
      0,
      0,
      3,
      3,
      3,
      0,
      2,
      3,
      0,
      0,
      2,
      1,
      3,
      3,
      1,
      3,
      1,
      0,
      0,
      1,
      3,
      0,
      1,
      0,
      1,
      3,
      1,
      3,
      2,
      0,
      1
    ],
    [
      3,
      0,
      3,
      1,
      0,
      0,
      2,
      1,
      0,
      1,
      1,
      2,
      2,
      2,
      0,
      3,
      1,
      2,
      0,
      3,
      0,
      3,
      3,
      2,
      3,
      2,
      1,
      0,
      1,
      3,
      1,
      3,
      1,
      0,
      1,
      1,
      0,
      1,
      1,
      0,
      1,
      0,
      3,
      2,
      1,
      0,
      2,
      2
    ],
    [
      1,
      2,
      0,
      1,
      3,
      0,
      0,
      0,
      2,
      0,
      0,
      0,
      1,
      3,
      0,
      0,
      1,
      3,
      0,
      1,
      3,
      2,
      0,
      2,
      0,
      1,
      2,
      0,
      1,
      3,
      3,
      1,
      3,
      3,
      2,
      1,
      3,
      3,
      0,
      2,
      0,
      0,
      2,
      0,
      0,
      0,
      0,
      0
    ],
    [
      3,
      0,
      3,
      0,
      1,
      2,
      2,
      1,
      2,
      1,
      2,
      1,
      2,
      1,
      3,
      0,
      0,
      0,
      1,
      2,
      0,
      2,
      1,
      3,
      0,
      3,
      2,
      0,
      3,
      3,
      0,
      3,
      0,
      0,
      0,
      3,
      0,
      1,
      1,
      1,
      1,
      2,
      1,
      0,
      1,
      3,
      3,
      0
    ],
    [
      1,
      1,
      1,
      2,
      1,
      0,
      2,
      0,
      2,
      3,
      0,
      3,
      0,
      1,
      2,
      2,
      1,
      2,
      1,
      2,
      1,
      2,
      1,
      3,
      0,
      0,
      0,
      1,
      2,
      0,
      2,
      1,
      3,
      0,
      3,
      2,
      0,
      3,
      3,
      0,
      3,
      0,
      0,
      0,
      3,
      0,
      1,
      1
    ],
    [
      1,
      0,
      3,
      3,
      1,
      3,
      0,
      1,
      1,
      1,
      1,
      3,
      3,
      1,
      2,
      1,
      0,
      3,
      2,
      1,
      0,
      2,
      0,
      3,
      1,
      3,
      0,
      0,
      0,
      1,
      2,
      1,
      2,
      3,
      0,
      1,
      3,
      3,
      0,
      3,
      1,
      3,
      3,
      3,
      1,
      2,
      2,
      2
    ],
    [
      3,
      1,
      3,
      0,
      1,
      1,
      1,
      1,
      3,
      3,
      1,
      2,
      1,
      0,
      3,
      2,
      1,
      0,
      2,
      0,
      3,
      1,
      3,
      0,
      0,
      0,
      1,
      2,
      1,
      2,
      3,
      0,
      1,
      3,
      3,
      0,
      3,
      1,
      3,
      3,
      3,
      1,
      2,
      2,
      2,
      0,
      1,
      2
    ],
    [
      1,
      3,
      3,
      0,
      2,
      0,
      1,
      0,
      2,
      1,
      3,
      3,
      0,
      1,
      0,
      2,
      0,
      3,
      2,
      1,
      3,
      3,
      0,
      2,
      0,
      0,
      3,
      0,
      0,
      3,
      0,
      3,
      1,
      0,
      2,
      0,
      3,
      1,
      3,
      2,
      2,
      0,
      1,
      3,
      0,
      3,
      0,
      3
    ],
    [
      1,
      3,
      3,
      0,
      2,
      0,
      1,
      0,
      2,
      1,
      3,
      3,
      0,
      1,
      0,
      2,
      0,
      3,
      2,
      1,
      3,
      3,
      0,
      2,
      0,
      0,
      3,
      0,
      0,
      3,
      0,
      3,
      1,
      0,
      2,
      0,
      3,
      1,
      3,
      2,
      2,
      0,
      1,
      3,
      0,
      3,
      0,
      3
    ],
    [
      0,
      1,
      3,
      1,
      2,
      0,
      0,
      3,
      0,
      1,
      2,
      0,
      2,
      0,
      3,
      0,
      1,
      1,
      1,
      1,
      3,
      3,
      3,
      2,
      1,
      3,
      3,
      2,
      2,
      0,
      0,
      0,
      2,
      1,
      3,
      2,
      1,
      3,
      3,
      3,
      1,
      3,
      2,
      3,
      3,
      0,
      0,
      3
    ],
    [
      1,
      2,
      0,
      2,
      2,
      1,
      2,
      2,
      0,
      2,
      2,
      3,
      1,
      3,
      2,
      0,
      3,
      2,
      1,
      2,
      0,
      1,
      2,
      0,
      2,
      3,
      2,
      0,
      3,
      2,
      1,
      2,
      0,
      1,
      3,
      2,
      2,
      2,
      1,
      1,
      2,
      3,
      3,
      2,
      1,
      3,
      2,
      2
    ],
    [
      3,
      0,
      3,
      1,
      2,
      0,
      1,
      3,
      3,
      3,
      0,
      3,
      0,
      0,
      0,
      0,
      2,
      0,
      0,
      2,
      0,
      2,
      2,
      2,
      1,
      3,
      3,
      1,
      2,
      1,
      3,
      3,
      0,
      0,
      3,
      1,
      0,
      2,
      3,
      2,
      0,
      3,
      0,
      2,
      3,
      2,
      2,
      3
    ],
    [
      3,
      3,
      2,
      3,
      2,
      0,
      1,
      3,
      2,
      2,
      0,
      3,
      2,
      2,
      1,
      1,
      3,
      2,
      2,
      2,
      2,
      0,
      1,
      2,
      0,
      0,
      2,
      1,
      3,
      2,
      0,
      2,
      2,
      2,
      0,
      2,
      1,
      2,
      2,
      1,
      3,
      1,
      3,
      1,
      3,
      3,
      0,
      2
    ],
    [
      2,
      2,
      0,
      0,
      3,
      1,
      2,
      2,
      1,
      3,
      2,
      3,
      2,
      2,
      1,
      2,
      3,
      2,
      0,
      0,
      3,
      0,
      2,
      1,
      2,
      2,
      0,
      3,
      2,
      3,
      2,
      2,
      1,
      1,
      2,
      1,
      2,
      1,
      2,
      2,
      3,
      1,
      2,
      2,
      1,
      2,
      3,
      3
    ],
    [
      1,
      1,
      3,
      2,
      2,
      3,
      2,
      2,
      2,
      2,
      0,
      3,
      2,
      2,
      3,
      3,
      3,
      3,
      2,
      2,
      2,
      2,
      3,
      3,
      3,
      3,
      3,
      1,
      2,
      3,
      2,
      2,
      2,
      2,
      1,
      2,
      2,
      3,
      2,
      3,
      2,
      2,
      2,
      0,
      3,
      3,
      2,
      3
    ],
    [
      3,
      0,
      3,
      2,
      1,
      3,
      2,
      1,
      2,
      2,
      1,
      3,
      3,
      1,
      3,
      0,
      0,
      2,
      0,
      0,
      3,
      2,
      1,
      2,
      0,
      0,
      3,
      1,
      3,
      3,
      0,
      0,
      2,
      2,
      1,
      3,
      3,
      2,
      2,
      3,
      2,
      0,
      0,
      1,
      3,
      0,
      2,
      2
    ],
    [
      0,
      0,
      2,
      0,
      1,
      1,
      2,
      1,
      3,
      3,
      1,
      3,
      0,
      2,
      0,
      0,
      3,
      1,
      3,
      3,
      1,
      3,
      3,
      0,
      0,
      2,
      0,
      3,
      1,
      2,
      0,
      0,
      3,
      2,
      1,
      3,
      3,
      2,
      1,
      3,
      0,
      2,
      1,
      1,
      1,
      3,
      3,
      2
    ],
    [
      3,
      2,
      3,
      3,
      0,
      2,
      0,
      0,
      0,
      1,
      0,
      0,
      0,
      0,
      2,
      1,
      2,
      3,
      2,
      1,
      3,
      0,
      2,
      1,
      1,
      2,
      3,
      3,
      2,
      2,
      1,
      1,
      3,
      2,
      2,
      2,
      3,
      2,
      0,
      1,
      2,
      1,
      0,
      1,
      0,
      3,
      1,
      1
    ],
    [
      1,
      1,
      3,
      3,
      0,
      1,
      2,
      0,
      3,
      3,
      0,
      1,
      1,
      2,
      0,
      3,
      1,
      1,
      1,
      2,
      0,
      3,
      0,
      1,
      2,
      0,
      3,
      1,
      1,
      1,
      0,
      3,
      1,
      3,
      1,
      0,
      3,
      0,
      0,
      1,
      1,
      1,
      3,
      0,
      0,
      3,
      1,
      1
    ],
    [
      0,
      3,
      0,
      0,
      3,
      0,
      3,
      1,
      3,
      0,
      2,
      1,
      1,
      2,
      2,
      0,
      2,
      0,
      3,
      2,
      2,
      0,
      3,
      0,
      1,
      3,
      3,
      2,
      1,
      3,
      1,
      3,
      2,
      0,
      2,
      0,
      0,
      3,
      2,
      1,
      3,
      3,
      2,
      2,
      0,
      0,
      3,
      0
    ],
    [
      3,
      0,
      2,
      0,
      2,
      0,
      1,
      1,
      1,
      2,
      0,
      0,
      1,
      1,
      3,
      3,
      1,
      3,
      3,
      0,
      0,
      0,
      0,
      0,
      2,
      0,
      1,
      3,
      1,
      0,
      2,
      1,
      1,
      1,
      0,
      0,
      0,
      0,
      0,
      3,
      1,
      3,
      1,
      3,
      1,
      2,
      0,
      0
    ],
    [
      3,
      0,
      2,
      0,
      2,
      0,
      1,
      1,
      1,
      2,
      0,
      0,
      1,
      1,
      3,
      3,
      1,
      3,
      3,
      0,
      0,
      0,
      0,
      0,
      2,
      0,
      1,
      3,
      1,
      0,
      2,
      1,
      1,
      1,
      0,
      0,
      0,
      0,
      0,
      3,
      1,
      3,
      1,
      3,
      1,
      2,
      0,
      0
    ],
    [
      0,
      0,
      3,
      0,
      0,
      0,
      1,
      2,
      2,
      3,
      1,
      3,
      1,
      3,
      0,
      0,
      2,
      0,
      3,
      0,
      0,
      3,
      2,
      3,
      1,
      3,
      2,
      0,
      1,
      3,
      0,
      3,
      1,
      3,
      3,
      3,
      2,
      0,
      3,
      3,
      0,
      3,
      3,
      2,
      3,
      3,
      0,
      3
    ],
    [
      0,
      1,
      3,
      3,
      0,
      1,
      2,
      0,
      0,
      0,
      0,
      1,
      2,
      0,
      0,
      3,
      1,
      1,
      3,
      1,
      3,
      1,
      3,
      3,
      0,
      2,
      3,
      1,
      1,
      1,
      1,
      2,
      0,
      3,
      2,
      0,
      3,
      0,
      0,
      0,
      3,
      0,
      3,
      1,
      1,
      0,
      1,
      2
    ],
    [
      3,
      3,
      0,
      1,
      2,
      0,
      2,
      2,
      0,
      3,
      3,
      0,
      0,
      2,
      1,
      1,
      2,
      1,
      2,
      2,
      0,
      2,
      2,
      1,
      3,
      2,
      1,
      2,
      1,
      2,
      2,
      2,
      0,
      3,
      2,
      0,
      2,
      2,
      0,
      0,
      3,
      0,
      2,
      2,
      1,
      3,
      2,
      2
    ],
    [
      1,
      2,
      2,
      2,
      1,
      3,
      1,
      2,
      1,
      2,
      2,
      1,
      1,
      2,
      1,
      2,
      3,
      2,
      2,
      3,
      3,
      1,
      3,
      3,
      0,
      2,
      0,
      2,
      1,
      0,
      0,
      2,
      0,
      3,
      2,
      0,
      2,
      0,
      1,
      2,
      1,
      3,
      3,
      0,
      3,
      0,
      2,
      2
    ],
    [
      0,
      2,
      0,
      3,
      0,
      0,
      3,
      1,
      0,
      0,
      1,
      3,
      0,
      0,
      0,
      1,
      2,
      2,
      2,
      1,
      1,
      2,
      2,
      0,
      2,
      0,
      3,
      0,
      2,
      3,
      1,
      2,
      0,
      2,
      1,
      3,
      0,
      1,
      0,
      0,
      0,
      0,
      2,
      2,
      3,
      3,
      1,
      2
    ],
    [
      3,
      1,
      3,
      0,
      3,
      1,
      2,
      2,
      2,
      0,
      2,
      0,
      2,
      2,
      1,
      2,
      2,
      1,
      0,
      1,
      2,
      0,
      2,
      1,
      3,
      1,
      3,
      0,
      2,
      2,
      2,
      0,
      2,
      0,
      0,
      0,
      2,
      2,
      0,
      3,
      0,
      0,
      3,
      0,
      0,
      3,
      0,
      2
    ],
    [
      0,
      2,
      2,
      0,
      0,
      3,
      0,
      0,
      3,
      2,
      2,
      0,
      3,
      0,
      2,
      1,
      1,
      2,
      0,
      3,
      2,
      0,
      3,
      2,
      2,
      0,
      3,
      2,
      2,
      3,
      3,
      2,
      1,
      3,
      1,
      3,
      2,
      0,
      2,
      0,
      0,
      3,
      2,
      1,
      3,
      0,
      2,
      2
    ],
    [
      0,
      2,
      0,
      2,
      3,
      2,
      1,
      3,
      3,
      0,
      2,
      3,
      1,
      3,
      2,
      1,
      3,
      3,
      0,
      3,
      2,
      3,
      2,
      1,
      2,
      2,
      2,
      2,
      3,
      2,
      0,
      2,
      2,
      3,
      3,
      2,
      2,
      2,
      0,
      1,
      2,
      2,
      1,
      3,
      2,
      0,
      3,
      3
    ],
    [
      3,
      3,
      3,
      1,
      0,
      0,
      0,
      0,
      2,
      2,
      1,
      0,
      1,
      2,
      0,
      1,
      2,
      0,
      1,
      0,
      3,
      3,
      1,
      2,
      3,
      1,
      2,
      0,
      1,
      3,
      2,
      1,
      1,
      0,
      1,
      3,
      3,
      3,
      3,
      0,
      1,
      2,
      0,
      0,
      1,
      0,
      2,
      0
    ],
    [
      3,
      3,
      0,
      0,
      0,
      0,
      3,
      1,
      2,
      2,
      2,
      0,
      0,
      1,
      3,
      3,
      0,
      0,
      2,
      1,
      0,
      1,
      2,
      2,
      3,
      3,
      0,
      0,
      2,
      0,
      1,
      2,
      2,
      1,
      3,
      3,
      3,
      3,
      3,
      3,
      3,
      0,
      2,
      1,
      3,
      1,
      2,
      1
    ],
    [
      3,
      3,
      0,
      2,
      2,
      0,
      0,
      3,
      2,
      2,
      2,
      0,
      1,
      2,
      0,
      2,
      2,
      0,
      1,
      1,
      3,
      3,
      2,
      0,
      3,
      3,
      2,
      0,
      2,
      3,
      2,
      2,
      2,
      0,
      1,
      3,
      3,
      2,
      3,
      0,
      2,
      2,
      0,
      3,
      1,
      0,
      2,
      0
    ],
    [
      0,
      0,
      0,
      3,
      1,
      3,
      1,
      1,
      1,
      3,
      3,
      0,
      2,
      0,
      3,
      1,
      3,
      3,
      3,
      1,
      3,
      1,
      2,
      3,
      0,
      3,
      2,
      0,
      3,
      1,
      0,
      2,
      1,
      2,
      1,
      0,
      0,
      0,
      2,
      0,
      1,
      3,
      0,
      3,
      1,
      3,
      0,
      0
    ],
    [
      1,
      0,
      1,
      3,
      1,
      3,
      0,
      2,
      1,
      1,
      1,
      3,
      3,
      0,
      1,
      1,
      3,
      3,
      2,
      1,
      2,
      3,
      0,
      3,
      0,
      1,
      0,
      1,
      2,
      0,
      1,
      3,
      0,
      3,
      1,
      3,
      0,
      1,
      1,
      2,
      2,
      0,
      0,
      2,
      1,
      0,
      1,
      3
    ],
    [
      1,
      1,
      1,
      3,
      1,
      3,
      0,
      1,
      1,
      1,
      1,
      3,
      3,
      1,
      2,
      1,
      0,
      3,
      2,
      2,
      0,
      3,
      0,
      3,
      0,
      2,
      0,
      1,
      2,
      0,
      0,
      3,
      0,
      0,
      1,
      3,
      0,
      1,
      1,
      2,
      1,
      0,
      0,
      1,
      1,
      0,
      1,
      3
    ],
    [
      1,
      3,
      3,
      1,
      1,
      1,
      1,
      0,
      0,
      0,
      1,
      1,
      0,
      1,
      3,
      3,
      0,
      3,
      1,
      0,
      1,
      3,
      1,
      3,
      1,
      2,
      1,
      3,
      1,
      3,
      3,
      0,
      3,
      0,
      2,
      3,
      0,
      3,
      0,
      0,
      1,
      0,
      1,
      1,
      2,
      1,
      3,
      3
    ],
    [
      1,
      2,
      2,
      1,
      3,
      3,
      3,
      2,
      2,
      1,
      3,
      2,
      1,
      3,
      2,
      1,
      3,
      2,
      1,
      3,
      0,
      3,
      3,
      1,
      3,
      3,
      2,
      0,
      3,
      1,
      1,
      1,
      2,
      2,
      1,
      3,
      2,
      0,
      2,
      0,
      2,
      1,
      0,
      2,
      0,
      3,
      3,
      0
    ],
    [
      1,
      1,
      2,
      2,
      1,
      3,
      2,
      2,
      0,
      2,
      2,
      2,
      0,
      0,
      3,
      0,
      0,
      3,
      0,
      1,
      0,
      0,
      0,
      3,
      3,
      0,
      1,
      2,
      2,
      1,
      3,
      0,
      1,
      3,
      2,
      1,
      1,
      2,
      0,
      0,
      0,
      0,
      2,
      2,
      3,
      3,
      0,
      0
    ],
    [
      0,
      2,
      2,
      0,
      0,
      3,
      0,
      3,
      3,
      2,
      1,
      0,
      1,
      1,
      2,
      0,
      0,
      3,
      0,
      1,
      2,
      1,
      2,
      1,
      3,
      3,
      2,
      0,
      3,
      1,
      3,
      3,
      0,
      3,
      3,
      0,
      0,
      3,
      1,
      2,
      1,
      2,
      1,
      1,
      1,
      0,
      0,
      3
    ],
    [
      0,
      1,
      0,
      2,
      1,
      3,
      0,
      2,
      3,
      1,
      2,
      1,
      2,
      2,
      0,
      0,
      2,
      0,
      1,
      3,
      0,
      3,
      2,
      2,
      3,
      2,
      1,
      1,
      3,
      3,
      2,
      3,
      0,
      3,
      3,
      2,
      0,
      3,
      0,
      3,
      0,
      2,
      1,
      3,
      2,
      1,
      3,
      3
    ],
    [
      0,
      2,
      0,
      2,
      0,
      3,
      2,
      0,
      2,
      2,
      0,
      2,
      2,
      0,
      3,
      0,
      0,
      0,
      0,
      2,
      0,
      0,
      0,
      0,
      2,
      0,
      1,
      3,
      3,
      0,
      0,
      0,
      0,
      0,
      3,
      3,
      1,
      0,
      0,
      2,
      1,
      0,
      0,
      3,
      2,
      0,
      0,
      3
    ],
    [
      2,
      2,
      0,
      2,
      1,
      3,
      2,
      2,
      0,
      1,
      2,
      3,
      3,
      0,
      3,
      3,
      3,
      3,
      3,
      3,
      3,
      3,
      1,
      3,
      3,
      2,
      2,
      2,
      3,
      3,
      3,
      1,
      3,
      3,
      0,
      3,
      3,
      1,
      3,
      3,
      2,
      3,
      3,
      2,
      3,
      3,
      3,
      3
    ],
    [
      1,
      2,
      0,
      0,
      0,
      0,
      1,
      2,
      0,
      2,
      0,
      3,
      1,
      3,
      3,
      0,
      1,
      3,
      3,
      3,
      2,
      2,
      2,
      2,
      3,
      0,
      3,
      0,
      0,
      2,
      2,
      1,
      2,
      3,
      0,
      0,
      3,
      0,
      2,
      0,
      1,
      2,
      3,
      3,
      2,
      0,
      3,
      0
    ],
    [
      0,
      3,
      2,
      1,
      3,
      3,
      2,
      3,
      2,
      1,
      3,
      3,
      2,
      2,
      3,
      3,
      2,
      2,
      1,
      2,
      1,
      1,
      2,
      2,
      2,
      1,
      1,
      0,
      2,
      2,
      0,
      3,
      2,
      2,
      3,
      2,
      2,
      3,
      2,
      2,
      3,
      2,
      2,
      3,
      2,
      2,
      3,
      2
    ],
    [
      2,
      3,
      3,
      2,
      0,
      1,
      2,
      1,
      3,
      0,
      3,
      0,
      2,
      2,
      0,
      3,
      1,
      3,
      0,
      3,
      0,
      0,
      0,
      2,
      3,
      2,
      2,
      2,
      2,
      1,
      1,
      2,
      0,
      1,
      3,
      1,
      3,
      1,
      3,
      2,
      1,
      1,
      0,
      2,
      2,
      2,
      0,
      3
    ],
    [
      1,
      3,
      3,
      2,
      1,
      3,
      0,
      0,
      3,
      2,
      2,
      2,
      0,
      3,
      2,
      2,
      1,
      0,
      1,
      3,
      3,
      2,
      1,
      3,
      1,
      3,
      3,
      1,
      0,
      2,
      0,
      3,
      1,
      2,
      0,
      3,
      1,
      3,
      2,
      2,
      2,
      3,
      3,
      3,
      3,
      2,
      0,
      2
    ],
    [
      3,
      0,
      1,
      3,
      2,
      2,
      0,
      0,
      3,
      3,
      0,
      1,
      2,
      2,
      0,
      0,
      2,
      3,
      0,
      2,
      2,
      0,
      0,
      3,
      0,
      0,
      2,
      1,
      2,
      1,
      2,
      1,
      3,
      3,
      0,
      0,
      0,
      2,
      1,
      2,
      1,
      3,
      2,
      1,
      2,
      1,
      0,
      2
    ],
    [
      3,
      0,
      2,
      0,
      1,
      2,
      3,
      3,
      3,
      0,
      1,
      1,
      1,
      3,
      0,
      1,
      2,
      0,
      0,
      0,
      3,
      3,
      2,
      3,
      0,
      0,
      3,
      1,
      3,
      3,
      1,
      1,
      2,
      2,
      1,
      3,
      0,
      3,
      0,
      0,
      1,
      3,
      3,
      0,
      1,
      1,
      1,
      3
    ],
    [
      1,
      3,
      2,
      3,
      3,
      3,
      0,
      3,
      2,
      1,
      2,
      0,
      3,
      2,
      2,
      3,
      2,
      3,
      1,
      3,
      2,
      1,
      3,
      2,
      0,
      2,
      0,
      2,
      2,
      0,
      0,
      2,
      3,
      1,
      3,
      3,
      1,
      2,
      1,
      1,
      2,
      0,
      0,
      3,
      2,
      3,
      1,
      3
    ],
    [
      1,
      0,
      1,
      0,
      1,
      3,
      3,
      3,
      2,
      0,
      1,
      0,
      2,
      1,
      1,
      2,
      2,
      0,
      2,
      1,
      3,
      1,
      3,
      2,
      3,
      1,
      1,
      3,
      1,
      0,
      1,
      3,
      2,
      0,
      1,
      2,
      1,
      1,
      2,
      0,
      1,
      3,
      0,
      0,
      0,
      0,
      0,
      0
    ],
    [
      2,
      1,
      2,
      2,
      1,
      2,
      0,
      0,
      0,
      2,
      0,
      3,
      2,
      1,
      2,
      0,
      0,
      0,
      2,
      2,
      0,
      0,
      3,
      2,
      3,
      0,
      3,
      0,
      0,
      3,
      1,
      0,
      2,
      2,
      1,
      0,
      0,
      0,
      0,
      0,
      1,
      0,
      0,
      0,
      3,
      2,
      0,
      2
    ],
    [
      3,
      3,
      2,
      0,
      3,
      2,
      0,
      0,
      2,
      0,
      3,
      1,
      2,
      1,
      1,
      0,
      2,
      2,
      1,
      3,
      3,
      0,
      2,
      1,
      2,
      1,
      3,
      3,
      0,
      0,
      1,
      2,
      2,
      0,
      1,
      1,
      2,
      1,
      3,
      3,
      1,
      3,
      2,
      2,
      0,
      2,
      1,
      0
    ],
    [
      0,
      2,
      3,
      1,
      3,
      3,
      0,
      2,
      2,
      2,
      1,
      1,
      2,
      1,
      3,
      3,
      0,
      3,
      3,
      0,
      3,
      0,
      1,
      2,
      3,
      2,
      1,
      1,
      1,
      1,
      3,
      1,
      1,
      1,
      3,
      3,
      3,
      1,
      2,
      0,
      0,
      2,
      1,
      2,
      1,
      2,
      2,
      0
    ],
    [
      0,
      0,
      3,
      0,
      1,
      2,
      1,
      1,
      1,
      2,
      2,
      2,
      1,
      0,
      1,
      3,
      0,
      3,
      3,
      0,
      3,
      1,
      0,
      1,
      3,
      2,
      2,
      1,
      2,
      1,
      1,
      3,
      3,
      0,
      0,
      3,
      0,
      2,
      0,
      3,
      0,
      3,
      0,
      0,
      3,
      3,
      0,
      2
    ],
    [
      3,
      2,
      3,
      2,
      2,
      3,
      0,
      2,
      2,
      2,
      2,
      3,
      2,
      2,
      0,
      2,
      1,
      2,
      1,
      2,
      0,
      2,
      2,
      2,
      3,
      0,
      2,
      2,
      2,
      3,
      1,
      3,
      2,
      0,
      2,
      3,
      0,
      2,
      3,
      2,
      1,
      3,
      2,
      2,
      2,
      3,
      3,
      3
    ],
    [
      1,
      3,
      3,
      0,
      0,
      1,
      2,
      2,
      0,
      1,
      3,
      2,
      1,
      1,
      0,
      0,
      0,
      1,
      2,
      0,
      3,
      0,
      0,
      3,
      0,
      0,
      3,
      0,
      0,
      2,
      3,
      0,
      1,
      1,
      0,
      1,
      2,
      2,
      0,
      1,
      1,
      2,
      0,
      0,
      0,
      0,
      1,
      1
    ],
    [
      2,
      0,
      3,
      0,
      2,
      1,
      2,
      2,
      0,
      1,
      3,
      2,
      0,
      3,
      0,
      2,
      1,
      2,
      1,
      2,
      1,
      1,
      2,
      2,
      3,
      0,
      3,
      3,
      2,
      0,
      0,
      2,
      0,
      3,
      2,
      1,
      1,
      3,
      3,
      2,
      2,
      0,
      3,
      1,
      0,
      0,
      0,
      0
    ],
    [
      2,
      3,
      1,
      3,
      1,
      1,
      0,
      0,
      1,
      0,
      0,
      3,
      2,
      1,
      3,
      0,
      1,
      1,
      2,
      1,
      2,
      2,
      0,
      3,
      2,
      1,
      0,
      1,
      3,
      1,
      0,
      1,
      2,
      3,
      3,
      3,
      0,
      0,
      2,
      2,
      0,
      1,
      3,
      0,
      1,
      2,
      1,
      0
    ],
    [
      0,
      0,
      3,
      0,
      3,
      2,
      3,
      0,
      1,
      3,
      2,
      2,
      1,
      2,
      2,
      0,
      3,
      3,
      1,
      1,
      3,
      1,
      2,
      2,
      3,
      3,
      0,
      3,
      2,
      2,
      1,
      0,
      3,
      1,
      2,
      0,
      0,
      3,
      2,
      2,
      1,
      3,
      0,
      3,
      0,
      0,
      1,
      1
    ],
    [
      3,
      2,
      3,
      2,
      3,
      3,
      0,
      2,
      3,
      0,
      3,
      3,
      0,
      2,
      3,
      0,
      3,
      3,
      0,
      2,
      2,
      1,
      2,
      1,
      1,
      2,
      3,
      0,
      2,
      0,
      1,
      2,
      3,
      0,
      3,
      3,
      0,
      1,
      3,
      0,
      2,
      0,
      1,
      2,
      0,
      1,
      2,
      1
    ],
    [
      0,
      3,
      2,
      2,
      2,
      0,
      2,
      3,
      2,
      0,
      3,
      3,
      1,
      3,
      0,
      1,
      3,
      2,
      2,
      2,
      1,
      3,
      2,
      2,
      3,
      3,
      3,
      2,
      3,
      2,
      2,
      2,
      0,
      0,
      3,
      3,
      1,
      3,
      3,
      3,
      2,
      2,
      3,
      2,
      2,
      1,
      3,
      0
    ],
    [
      1,
      2,
      3,
      2,
      1,
      2,
      0,
      3,
      1,
      1,
      0,
      2,
      0,
      0,
      2,
      1,
      0,
      3,
      0,
      1,
      3,
      0,
      0,
      3,
      0,
      3,
      0,
      2,
      0,
      3,
      3,
      1,
      3,
      0,
      0,
      1,
      1,
      1,
      2,
      1,
      2,
      2,
      2,
      0,
      0,
      1,
      1,
      2
    ],
    [
      1,
      1,
      3,
      3,
      1,
      0,
      2,
      0,
      2,
      1,
      1,
      0,
      1,
      0,
      2,
      2,
      2,
      2,
      1,
      1,
      3,
      1,
      3,
      1,
      0,
      1,
      3,
      0,
      3,
      2,
      0,
      3,
      3,
      1,
      3,
      3,
      0,
      3,
      3,
      1,
      1,
      2,
      0,
      3,
      0,
      0,
      0,
      2
    ],
    [
      2,
      1,
      3,
      3,
      0,
      1,
      1,
      1,
      1,
      3,
      2,
      2,
      0,
      0,
      1,
      2,
      1,
      1,
      2,
      0,
      3,
      3,
      0,
      3,
      0,
      1,
      3,
      0,
      0,
      3,
      2,
      2,
      1,
      1,
      0,
      1,
      2,
      1,
      0,
      0,
      0,
      1,
      2,
      0,
      3,
      1,
      3,
      2
    ],
    [
      0,
      1,
      2,
      0,
      2,
      1,
      3,
      2,
      0,
      3,
      3,
      2,
      1,
      1,
      1,
      2,
      2,
      1,
      3,
      1,
      3,
      3,
      1,
      1,
      3,
      3,
      1,
      2,
      0,
      3,
      0,
      0,
      0,
      3,
      0,
      1,
      0,
      0,
      3,
      2,
      2,
      0,
      3,
      1,
      1,
      3,
      0,
      1
    ],
    [
      2,
      0,
      3,
      0,
      0,
      0,
      3,
      0,
      0,
      1,
      0,
      0,
      0,
      1,
      0,
      2,
      1,
      3,
      2,
      0,
      3,
      0,
      1,
      1,
      0,
      1,
      3,
      1,
      0,
      3,
      3,
      0,
      0,
      0,
      1,
      1,
      0,
      1,
      1,
      1,
      3,
      1,
      0,
      1,
      3,
      0,
      0,
      0
    ],
    [
      0,
      1,
      3,
      2,
      1,
      1,
      1,
      2,
      0,
      2,
      3,
      3,
      2,
      1,
      2,
      2,
      0,
      1,
      1,
      1,
      2,
      0,
      1,
      0,
      3,
      3,
      3,
      0,
      1,
      3,
      3,
      0,
      0,
      1,
      3,
      2,
      1,
      3,
      0,
      3,
      1,
      1,
      1,
      0,
      0,
      0,
      3,
      2
    ],
    [
      3,
      0,
      2,
      2,
      2,
      0,
      3,
      2,
      1,
      2,
      1,
      2,
      0,
      0,
      1,
      3,
      1,
      1,
      3,
      0,
      0,
      0,
      2,
      0,
      3,
      0,
      0,
      0,
      1,
      0,
      3,
      0,
      0,
      0,
      1,
      1,
      1,
      1,
      3,
      0,
      0,
      0,
      0,
      0,
      3,
      2,
      1,
      0
    ],
    [
      3,
      2,
      3,
      3,
      3,
      0,
      1,
      2,
      0,
      3,
      3,
      0,
      1,
      2,
      1,
      0,
      1,
      3,
      2,
      0,
      3,
      3,
      3,
      3,
      2,
      2,
      2,
      2,
      0,
      3,
      0,
      2,
      1,
      2,
      2,
      2,
      2,
      0,
      3,
      1,
      2,
      0,
      0,
      2,
      2,
      0,
      3,
      2
    ],
    [
      3,
      1,
      0,
      2,
      0,
      3,
      2,
      0,
      3,
      2,
      2,
      1,
      0,
      1,
      1,
      2,
      0,
      0,
      2,
      0,
      0,
      2,
      2,
      0,
      2,
      0,
      3,
      2,
      0,
      3,
      2,
      2,
      0,
      0,
      2,
      2,
      2,
      0,
      0,
      2,
      0,
      0,
      0,
      3,
      2,
      3,
      1,
      0
    ],
    [
      0,
      0,
      0,
      0,
      1,
      0,
      0,
      1,
      2,
      3,
      2,
      1,
      0,
      2,
      2,
      3,
      1,
      2,
      3,
      3,
      2,
      1,
      1,
      3,
      0,
      1,
      1,
      1,
      0,
      1,
      1,
      1,
      2,
      0,
      0,
      3,
      0,
      3,
      2,
      0,
      1,
      0,
      1,
      3,
      1,
      1,
      1,
      3
    ],
    [
      0,
      2,
      0,
      3,
      1,
      0,
      3,
      2,
      1,
      0,
      1,
      3,
      3,
      0,
      3,
      2,
      1,
      1,
      3,
      1,
      3,
      3,
      1,
      3,
      3,
      0,
      2,
      0,
      2,
      0,
      0,
      3,
      1,
      0,
      1,
      2,
      0,
      3,
      2,
      0,
      0,
      0,
      0,
      1,
      3,
      2,
      0,
      3
    ],
    [
      2,
      0,
      1,
      2,
      1,
      2,
      2,
      0,
      3,
      3,
      2,
      0,
      3,
      2,
      1,
      3,
      3,
      2,
      1,
      2,
      1,
      3,
      3,
      1,
      0,
      1,
      1,
      2,
      0,
      3,
      0,
      0,
      1,
      2,
      0,
      3,
      0,
      0,
      2,
      3,
      3,
      0,
      2,
      0,
      1,
      2,
      2,
      2
    ],
    [
      0,
      3,
      0,
      0,
      0,
      0,
      0,
      1,
      3,
      0,
      0,
      1,
      1,
      2,
      0,
      1,
      2,
      1,
      2,
      0,
      3,
      0,
      0,
      1,
      0,
      2,
      1,
      3,
      1,
      3,
      3,
      0,
      3,
      0,
      3,
      0,
      1,
      1,
      0,
      1,
      1,
      1,
      2,
      1,
      2,
      0,
      0,
      3
    ],
    [
      0,
      1,
      3,
      3,
      1,
      2,
      1,
      1,
      3,
      1,
      3,
      3,
      0,
      1,
      3,
      0,
      3,
      2,
      0,
      3,
      2,
      0,
      3,
      0,
      0,
      0,
      3,
      1,
      1,
      2,
      3,
      3,
      0,
      2,
      2,
      0,
      1,
      2,
      0,
      3,
      1,
      3,
      2,
      1,
      1,
      1,
      3,
      3
    ],
    [
      1,
      3,
      2,
      0,
      0,
      0,
      1,
      3,
      3,
      2,
      3,
      2,
      3,
      2,
      1,
      0,
      2,
      3,
      3,
      2,
      2,
      3,
      2,
      2,
      2,
      2,
      2,
      2,
      3,
      3,
      0,
      2,
      1,
      2,
      0,
      2,
      0,
      2,
      2,
      0,
      2,
      0,
      3,
      2,
      2,
      3,
      2,
      2
    ],
    [
      2,
      0,
      1,
      3,
      1,
      2,
      3,
      1,
      2,
      0,
      1,
      3,
      3,
      0,
      3,
      0,
      2,
      0,
      3,
      3,
      1,
      3,
      2,
      1,
      2,
      1,
      2,
      3,
      3,
      1,
      1,
      3,
      2,
      0,
      2,
      0,
      0,
      1,
      0,
      0,
      0,
      2,
      2,
      3,
      0,
      2,
      3,
      1
    ],
    [
      2,
      2,
      2,
      0,
      2,
      2,
      0,
      2,
      2,
      2,
      2,
      0,
      1,
      2,
      0,
      2,
      2,
      0,
      2,
      2,
      1,
      0,
      2,
      2,
      2,
      3,
      2,
      2,
      2,
      1,
      0,
      2,
      3,
      1,
      3,
      2,
      2,
      2,
      3,
      0,
      3,
      1,
      0,
      2,
      0,
      3,
      2,
      1
    ],
    [
      0,
      3,
      1,
      3,
      2,
      0,
      0,
      3,
      0,
      0,
      2,
      3,
      1,
      3,
      3,
      1,
      3,
      2,
      2,
      2,
      2,
      1,
      2,
      1,
      0,
      1,
      3,
      0,
      2,
      2,
      1,
      3,
      2,
      1,
      3,
      2,
      1,
      3,
      3,
      0,
      3,
      0,
      1,
      3,
      2,
      1,
      3,
      3
    ],
    [
      3,
      2,
      0,
      0,
      3,
      0,
      0,
      2,
      3,
      1,
      3,
      3,
      1,
      3,
      2,
      2,
      2,
      2,
      1,
      2,
      1,
      0,
      1,
      3,
      0,
      2,
      2,
      1,
      3,
      2,
      1,
      3,
      2,
      1,
      3,
      3,
      0,
      3,
      0,
      1,
      3,
      2,
      1,
      3,
      3,
      0,
      2,
      3
    ],
    [
      1,
      1,
      3,
      2,
      3,
      0,
      3,
      0,
      3,
      0,
      3,
      2,
      1,
      3,
      2,
      0,
      1,
      2,
      0,
      3,
      1,
      1,
      2,
      0,
      2,
      1,
      1,
      1,
      1,
      3,
      0,
      2,
      2,
      1,
      3,
      2,
      1,
      0,
      0,
      1,
      2,
      0,
      0,
      3,
      1,
      2,
      0,
      2
    ],
    [
      1,
      2,
      0,
      0,
      3,
      3,
      1,
      3,
      3,
      2,
      0,
      2,
      3,
      2,
      1,
      2,
      2,
      2,
      2,
      3,
      3,
      0,
      2,
      0,
      0,
      3,
      2,
      2,
      3,
      3,
      3,
      2,
      0,
      0,
      3,
      3,
      3,
      2,
      1,
      2,
      2,
      1,
      0,
      2,
      1,
      3,
      3,
      0
    ],
    [
      3,
      2,
      3,
      0,
      1,
      2,
      0,
      3,
      3,
      0,
      2,
      2,
      1,
      3,
      2,
      1,
      1,
      2,
      3,
      2,
      1,
      3,
      2,
      2,
      3,
      1,
      3,
      1,
      2,
      2,
      1,
      3,
      0,
      2,
      1,
      1,
      2,
      1,
      3,
      3,
      0,
      0,
      1,
      2,
      1,
      1,
      1,
      3
    ],
    [
      0,
      1,
      0,
      0,
      3,
      2,
      1,
      3,
      3,
      1,
      3,
      3,
      1,
      3,
      3,
      1,
      3,
      3,
      3,
      2,
      3,
      2,
      2,
      3,
      3,
      2,
      3,
      3,
      1,
      3,
      1,
      3,
      3,
      3,
      2,
      0,
      0,
      3,
      0,
      3,
      1,
      3,
      2,
      3,
      2,
      1,
      3,
      0
    ],
    [
      0,
      3,
      3,
      3,
      1,
      1,
      3,
      3,
      2,
      1,
      3,
      2,
      0,
      2,
      0,
      0,
      0,
      2,
      3,
      0,
      3,
      3,
      3,
      3,
      0,
      3,
      1,
      0,
      2,
      0,
      1,
      2,
      0,
      0,
      3,
      0,
      2,
      2,
      1,
      3,
      3,
      2,
      3,
      3,
      2,
      2,
      0,
      2
    ],
    [
      0,
      3,
      3,
      0,
      2,
      0,
      3,
      1,
      3,
      1,
      2,
      0,
      1,
      3,
      3,
      2,
      2,
      3,
      1,
      3,
      2,
      1,
      3,
      3,
      0,
      0,
      3,
      2,
      2,
      1,
      1,
      1,
      3,
      1,
      2,
      1,
      0,
      1,
      3,
      0,
      2,
      2,
      2,
      2,
      1,
      1,
      3,
      2
    ],
    [
      1,
      1,
      3,
      0,
      0,
      3,
      3,
      2,
      2,
      0,
      0,
      1,
      1,
      1,
      3,
      1,
      3,
      3,
      0,
      2,
      1,
      2,
      2,
      1,
      0,
      2,
      3,
      0,
      1,
      2,
      2,
      0,
      0,
      2,
      2,
      0,
      1,
      0,
      3,
      0,
      0,
      0,
      0,
      2,
      0,
      2,
      1,
      1
    ],
    [
      1,
      2,
      0,
      3,
      1,
      1,
      0,
      2,
      0,
      2,
      0,
      0,
      2,
      2,
      0,
      0,
      1,
      3,
      2,
      0,
      1,
      1,
      1,
      2,
      2,
      1,
      3,
      3,
      0,
      3,
      0,
      0,
      1,
      0,
      1,
      0,
      1,
      2,
      2,
      2,
      1,
      0,
      2,
      1,
      3,
      1,
      2,
      1
    ],
    [
      3,
      2,
      2,
      1,
      1,
      3,
      0,
      3,
      3,
      2,
      2,
      1,
      1,
      1,
      2,
      1,
      1,
      0,
      2,
      2,
      2,
      0,
      3,
      0,
      0,
      3,
      2,
      0,
      3,
      0,
      0,
      3,
      3,
      1,
      3,
      3,
      3,
      0,
      3,
      0,
      0,
      2,
      1,
      3,
      0,
      0,
      3,
      3
    ],
    [
      0,
      3,
      2,
      0,
      3,
      0,
      0,
      3,
      0,
      0,
      3,
      2,
      3,
      3,
      2,
      1,
      3,
      3,
      0,
      0,
      3,
      2,
      2,
      1,
      1,
      1,
      2,
      1,
      2,
      0,
      2,
      2,
      2,
      0,
      3,
      0,
      0,
      0,
      3,
      2,
      2,
      0,
      0,
      3,
      3,
      1,
      2,
      3
    ],
    [
      3,
      3,
      0,
      0,
      2,
      2,
      1,
      3,
      1,
      3,
      2,
      1,
      2,
      0,
      3,
      0,
      1,
      3,
      0,
      2,
      0,
      2,
      2,
      2,
      2,
      2,
      0,
      1,
      3,
      3,
      1,
      3,
      2,
      3,
      3,
      2,
      3,
      3,
      3,
      2,
      2,
      3,
      2,
      0,
      3,
      2,
      2,
      1
    ]
  ],
  "refseq_accessions": [
    "NM_004985.5",
    "NM_004985.5",
    "NM_004985.5",
    "NM_004985.5",
    "NM_000546.6",
    "NM_000546.6",
    "NM_000546.6",
    "NM_000546.6",
    "NM_000314.8",
    "NM_000314.8",
    "NM_006218.4",
    "NM_006218.4",
    "NM_006218.4",
    "NM_004333.6",
    "NM_004333.6",
    "NM_002524.5",
    "NM_002524.5",
    "NM_005228.5",
    "NM_005228.5",
    "NM_005228.5",
    "NM_004448.4",
    "NM_002467.6",
    "NM_005378.6",
    "NM_053056.3",
    "NM_000075.4",
    "NM_001145306.2",
    "NM_002392.6",
    "NM_023110.3",
    "NM_000245.4",
    "NM_000245.4",
    "NM_004304.5",
    "NM_001378902.1",
    "NM_020975.6",
    "NM_002529.4",
    "NM_006180.6",
    "NM_001012338.3",
    "NM_000141.5",
    "NM_000142.5",
    "NM_005896.4",
    "NM_002168.4",
    "NM_002168.4",
    "NM_004119.3",
    "NM_004119.3",
    "NM_000222.3",
    "NM_004972.4",
    "NM_005373.3",
    "NM_004343.4",
    "NM_002520.7",
    "NM_022552.5",
    "NM_001127208.3",
    "NM_015338.6",
    "NM_001754.5",
    "NM_004364.5",
    "NM_024426.6",
    "NM_033238.3",
    "NM_004327.4",
    "NM_001197104.2",
    "NM_017617.5",
    "NM_001349798.2",
    "NM_000038.6",
    "NM_001904.4",
    "NM_005359.6",
    "NM_003242.6",
    "NM_000077.5",
    "NM_000321.3",
    "NM_001042492.3",
    "NM_000268.4",
    "NM_000551.4",
    "NM_000455.5",
    "NM_203500.2",
    "NM_006164.5",
    "NM_000051.4",
    "NM_000489.6",
    "NM_007294.4",
    "NM_000059.4",
    "NM_024675.4",
    "NM_007194.4",
    "NM_006015.6",
    "NM_152641.4",
    "NM_001405607.1",
    "NM_014159.7",
    "NM_001291415.2",
    "NM_001203247.2",
    "NM_012433.4",
    "NM_001195427.2",
    "NM_006758.3",
    "NM_001002295.2",
    "NM_000125.4",
    "NM_000125.4",
    "NM_000044.6",
    "NM_004496.5",
    "NM_000516.7",
    "NM_005343.4",
    "NM_001382430.1",
    "NM_004958.4",
    "NM_005614.4",
    "NM_006908.5",
    "NM_002755.4",
    "NM_030662.4",
    "NM_014225.6"
  ],
  "schema": "foliation.w12.exact_form_matrix.v1",
  "shape": [
    100,
    48
  ],
  "source_mode": "ncbi_refseq_batch",
  "target_names": [
    "KRAS_G12C",
    "KRAS_G12D",
    "KRAS_G12V",
    "KRAS_Q61H",
    "TP53_R175H",
    "TP53_R248Q",
    "TP53_R273H",
    "TP53_R282W",
    "PTEN_R130Q",
    "PTEN_R173C",
    "PIK3CA_H1047R",
    "PIK3CA_E545K",
    "PIK3CA_E542K",
    "BRAF_V600E",
    "BRAF_K601E",
    "NRAS_Q61R",
    "NRAS_Q61K",
    "EGFR_L858R",
    "EGFR_T790M",
    "EGFR_EXON19DEL_PROXY",
    "ERBB2_AMP_PROXY",
    "MYC_AMP_PROXY",
    "MYCN_AMP_PROXY",
    "CCND1_AMP_PROXY",
    "CDK4_AMP_PROXY",
    "CDK6_AMP_PROXY",
    "MDM2_AMP_PROXY",
    "FGFR1_AMP_PROXY",
    "MET_EXON14_SKIP_PROXY",
    "MET_AMP_PROXY",
    "ALK_EML4_FUSION_PROXY",
    "ROS1_FUSION_PROXY",
    "RET_FUSION_PROXY",
    "NTRK1_FUSION_PROXY",
    "NTRK2_FUSION_PROXY",
    "NTRK3_FUSION_PROXY",
    "FGFR2_FUSION_PROXY",
    "FGFR3_S249C",
    "IDH1_R132H",
    "IDH2_R140Q",
    "IDH2_R172K",
    "FLT3_ITD_PROXY",
    "FLT3_D835Y",
    "KIT_D816V",
    "JAK2_V617F",
    "MPL_W515L",
    "CALR_EXON9_FS_PROXY",
    "NPM1_W288FS_PROXY",
    "DNMT3A_R882H",
    "TET2_LOF_PROXY",
    "ASXL1_G646WFS_PROXY",
    "RUNX1_R201Q",
    "CEBPA_BIALLELIC_PROXY",
    "WT1_R394W",
    "PML_RARA_FUSION_PROXY",
    "BCR_ABL1_FUSION_PROXY",
    "KMT2A_FUSION_PROXY",
    "NOTCH1_L1601P",
    "FBXW7_R465C",
    "APC_R1450X",
    "CTNNB1_S33Y",
    "SMAD4_R361H",
    "TGFBR2_FS_PROXY",
    "CDKN2A_R80X",
    "RB1_LOF_PROXY",
    "NF1_R1276Q",
    "NF2_LOF_PROXY",
    "VHL_R167Q",
    "STK11_F354L",
    "KEAP1_R320Q",
    "NFE2L2_E79Q",
    "ATM_LOF_PROXY",
    "ATRX_LOF_PROXY",
    "BRCA1_185DELAG_PROXY",
    "BRCA2_6174DELT_PROXY",
    "PALB2_LOF_PROXY",
    "CHEK2_1100DELC_PROXY",
    "ARID1A_LOF_PROXY",
    "ARID2_LOF_PROXY",
    "PBRM1_LOF_PROXY",
    "SETD2_LOF_PROXY",
    "KDM6A_LOF_PROXY",
    "EZH2_Y641N",
    "SF3B1_K700E",
    "SRSF2_P95H",
    "U2AF1_S34F",
    "GATA3_FS_PROXY",
    "ESR1_Y537S",
    "ESR1_D538G",
    "AR_T878A",
    "FOXA1_AMP_PROXY",
    "GNAS_R201C",
    "HRAS_G12V",
    "AKT1_E17K",
    "MTOR_E2419K",
    "RHEB_Y35N",
    "RAC1_P29S",
    "MAP2K1_K57N",
    "MAP2K2_F57C",
    "PPP2R1A_P179R"
  ],
  "therapeutic_complement_matrix_gf4": [
    [
      2,
      3,
      2,
      2,
      2,
      0,
      3,
      3,
      1,
      3,
      1,
      1,
      3,
      2,
      1,
      3,
      3,
      1,
      1,
      2,
      1,
      0,
      3,
      1,
      1,
      3,
      1,
      1,
      0,
      1,
      3,
      2,
      1,
      1,
      0,
      2,
      2,
      1,
      2,
      1,
      3,
      1,
      0,
      0,
      3,
      3,
      1,
      2
    ],
    [
      2,
      3,
      2,
      2,
      2,
      0,
      3,
      3,
      1,
      3,
      1,
      1,
      3,
      2,
      1,
      3,
      3,
      1,
      1,
      2,
      1,
      0,
      3,
      1,
      1,
      3,
      1,
      1,
      0,
      1,
      3,
      2,
      1,
      1,
      0,
      2,
      2,
      1,
      2,
      1,
      3,
      1,
      0,
      0,
      3,
      3,
      1,
      2
    ],
    [
      2,
      3,
      2,
      2,
      2,
      0,
      3,
      3,
      1,
      3,
      1,
      1,
      3,
      2,
      1,
      3,
      3,
      1,
      1,
      2,
      1,
      0,
      3,
      1,
      1,
      3,
      1,
      1,
      0,
      1,
      3,
      2,
      1,
      1,
      0,
      2,
      2,
      1,
      2,
      1,
      3,
      1,
      0,
      0,
      3,
      3,
      1,
      2
    ],
    [
      3,
      1,
      1,
      2,
      3,
      2,
      3,
      3,
      0,
      3,
      0,
      1,
      2,
      0,
      2,
      0,
      2,
      1,
      0,
      2,
      1,
      1,
      3,
      0,
      2,
      2,
      1,
      2,
      1,
      1,
      2,
      1,
      3,
      2,
      0,
      2,
      1,
      3,
      1,
      0,
      2,
      2,
      3,
      1,
      2,
      1,
      1,
      1
    ],
    [
      2,
      1,
      0,
      2,
      0,
      2,
      3,
      1,
      2,
      0,
      1,
      1,
      2,
      1,
      1,
      3,
      3,
      1,
      3,
      1,
      2,
      1,
      1,
      0,
      1,
      0,
      3,
      1,
      0,
      0,
      0,
      0,
      0,
      2,
      0,
      0,
      2,
      3,
      1,
      2,
      1,
      0,
      1,
      0,
      3,
      1,
      0,
      3
    ],
    [
      1,
      3,
      3,
      0,
      0,
      3,
      1,
      0,
      2,
      3,
      1,
      1,
      1,
      0,
      1,
      1,
      0,
      2,
      3,
      1,
      2,
      2,
      0,
      0,
      1,
      1,
      2,
      1,
      1,
      0,
      0,
      0,
      2,
      3,
      0,
      0,
      3,
      0,
      2,
      0,
      0,
      2,
      3,
      0,
      2,
      3,
      0,
      2
    ],
    [
      3,
      1,
      1,
      1,
      2,
      0,
      1,
      1,
      2,
      2,
      0,
      2,
      1,
      0,
      3,
      3,
      3,
      1,
      2,
      1,
      1,
      3,
      1,
      0,
      1,
      3,
      1,
      3,
      3,
      3,
      1,
      3,
      1,
      0,
      0,
      3,
      1,
      3,
      0,
      0,
      3,
      1,
      1,
      1,
      2,
      1,
      2,
      1
    ],
    [
      3,
      3,
      3,
      1,
      3,
      1,
      0,
      0,
      3,
      1,
      3,
      0,
      0,
      3,
      1,
      1,
      1,
      2,
      1,
      2,
      1,
      2,
      0,
      0,
      1,
      1,
      0,
      1,
      0,
      2,
      0,
      2,
      1,
      2,
      1,
      1,
      2,
      2,
      1,
      2,
      1,
      2,
      2,
      3,
      0,
      3,
      0,
      0
    ],
    [
      3,
      3,
      0,
      2,
      0,
      3,
      1,
      3,
      2,
      2,
      2,
      1,
      0,
      3,
      1,
      1,
      2,
      2,
      2,
      1,
      1,
      1,
      2,
      0,
      1,
      2,
      2,
      0,
      3,
      1,
      1,
      3,
      1,
      3,
      2,
      2,
      3,
      1,
      2,
      3,
      2,
      3,
      1,
      3,
      1,
      0,
      2,
      3
    ],
    [
      1,
      2,
      1,
      3,
      2,
      2,
      0,
      3,
      2,
      3,
      3,
      0,
      0,
      0,
      2,
      1,
      3,
      0,
      2,
      1,
      2,
      1,
      1,
      0,
      1,
      0,
      3,
      2,
      3,
      1,
      3,
      1,
      3,
      2,
      3,
      3,
      2,
      3,
      3,
      2,
      3,
      2,
      1,
      0,
      3,
      2,
      0,
      0
    ],
    [
      3,
      0,
      2,
      3,
      1,
      2,
      2,
      2,
      0,
      2,
      2,
      2,
      3,
      1,
      2,
      2,
      3,
      1,
      2,
      3,
      1,
      0,
      2,
      0,
      2,
      3,
      0,
      2,
      3,
      1,
      1,
      3,
      1,
      1,
      0,
      3,
      1,
      1,
      2,
      0,
      2,
      2,
      0,
      2,
      2,
      2,
      2,
      2
    ],
    [
      1,
      2,
      1,
      2,
      3,
      0,
      0,
      3,
      0,
      3,
      0,
      3,
      0,
      3,
      1,
      2,
      2,
      2,
      3,
      0,
      2,
      0,
      3,
      1,
      2,
      1,
      0,
      2,
      1,
      1,
      2,
      1,
      2,
      2,
      2,
      1,
      2,
      3,
      3,
      3,
      3,
      0,
      3,
      2,
      3,
      1,
      1,
      2
    ],
    [
      3,
      3,
      3,
      0,
      3,
      2,
      0,
      2,
      0,
      1,
      2,
      1,
      2,
      3,
      0,
      0,
      3,
      0,
      3,
      0,
      3,
      0,
      3,
      1,
      2,
      2,
      2,
      3,
      0,
      2,
      0,
      3,
      1,
      2,
      1,
      0,
      2,
      1,
      1,
      2,
      1,
      2,
      2,
      2,
      1,
      2,
      3,
      3
    ],
    [
      3,
      2,
      1,
      1,
      3,
      1,
      2,
      3,
      3,
      3,
      3,
      1,
      1,
      3,
      0,
      3,
      2,
      1,
      0,
      3,
      2,
      0,
      2,
      1,
      3,
      1,
      2,
      2,
      2,
      3,
      0,
      3,
      0,
      1,
      2,
      3,
      1,
      1,
      2,
      1,
      3,
      1,
      1,
      1,
      3,
      0,
      0,
      0
    ],
    [
      1,
      3,
      1,
      2,
      3,
      3,
      3,
      3,
      1,
      1,
      3,
      0,
      3,
      2,
      1,
      0,
      3,
      2,
      0,
      2,
      1,
      3,
      1,
      2,
      2,
      2,
      3,
      0,
      3,
      0,
      1,
      2,
      3,
      1,
      1,
      2,
      1,
      3,
      1,
      1,
      1,
      3,
      0,
      0,
      0,
      2,
      3,
      0
    ],
    [
      3,
      1,
      1,
      2,
      0,
      2,
      3,
      2,
      0,
      3,
      1,
      1,
      2,
      3,
      2,
      0,
      2,
      1,
      0,
      3,
      1,
      1,
      2,
      0,
      2,
      2,
      1,
      2,
      2,
      1,
      2,
      1,
      3,
      2,
      0,
      2,
      1,
      3,
      1,
      0,
      0,
      2,
      3,
      1,
      2,
      1,
      2,
      1
    ],
    [
      3,
      1,
      1,
      2,
      0,
      2,
      3,
      2,
      0,
      3,
      1,
      1,
      2,
      3,
      2,
      0,
      2,
      1,
      0,
      3,
      1,
      1,
      2,
      0,
      2,
      2,
      1,
      2,
      2,
      1,
      2,
      1,
      3,
      2,
      0,
      2,
      1,
      3,
      1,
      0,
      0,
      2,
      3,
      1,
      2,
      1,
      2,
      1
    ],
    [
      2,
      3,
      1,
      3,
      0,
      2,
      2,
      1,
      2,
      3,
      0,
      2,
      0,
      2,
      1,
      2,
      3,
      3,
      3,
      3,
      1,
      1,
      1,
      0,
      3,
      1,
      1,
      0,
      0,
      2,
      2,
      2,
      0,
      3,
      1,
      0,
      3,
      1,
      1,
      1,
      3,
      1,
      0,
      1,
      1,
      2,
      2,
      1
    ],
    [
      3,
      0,
      2,
      0,
      0,
      3,
      0,
      0,
      2,
      0,
      0,
      1,
      3,
      1,
      0,
      2,
      1,
      0,
      3,
      0,
      2,
      3,
      0,
      2,
      0,
      1,
      0,
      2,
      1,
      0,
      3,
      0,
      2,
      3,
      1,
      0,
      0,
      0,
      3,
      3,
      0,
      1,
      1,
      0,
      3,
      1,
      0,
      0
    ],
    [
      1,
      2,
      1,
      3,
      0,
      2,
      3,
      1,
      1,
      1,
      2,
      1,
      2,
      2,
      2,
      2,
      0,
      2,
      2,
      0,
      2,
      0,
      0,
      0,
      3,
      1,
      1,
      3,
      0,
      3,
      1,
      1,
      2,
      2,
      1,
      3,
      2,
      0,
      1,
      0,
      2,
      1,
      2,
      0,
      1,
      0,
      0,
      1
    ],
    [
      1,
      1,
      0,
      1,
      0,
      2,
      3,
      1,
      0,
      0,
      2,
      1,
      0,
      0,
      3,
      3,
      1,
      0,
      0,
      0,
      0,
      2,
      3,
      0,
      2,
      2,
      0,
      3,
      1,
      0,
      2,
      0,
      0,
      0,
      2,
      0,
      3,
      0,
      0,
      3,
      1,
      3,
      1,
      3,
      1,
      1,
      2,
      0
    ],
    [
      0,
      0,
      2,
      2,
      1,
      3,
      0,
      0,
      3,
      1,
      0,
      1,
      0,
      0,
      3,
      0,
      1,
      0,
      2,
      2,
      1,
      2,
      0,
      3,
      0,
      0,
      2,
      1,
      0,
      1,
      0,
      0,
      3,
      3,
      0,
      3,
      0,
      3,
      0,
      0,
      1,
      3,
      0,
      0,
      3,
      0,
      1,
      1
    ],
    [
      3,
      3,
      1,
      0,
      0,
      1,
      0,
      0,
      0,
      0,
      2,
      1,
      0,
      0,
      1,
      1,
      1,
      1,
      0,
      0,
      0,
      0,
      1,
      1,
      1,
      1,
      1,
      3,
      0,
      1,
      0,
      0,
      0,
      0,
      3,
      0,
      0,
      1,
      0,
      1,
      0,
      0,
      0,
      2,
      1,
      1,
      0,
      1
    ],
    [
      1,
      2,
      1,
      0,
      3,
      1,
      0,
      3,
      0,
      0,
      3,
      1,
      1,
      3,
      1,
      2,
      2,
      0,
      2,
      2,
      1,
      0,
      3,
      0,
      2,
      2,
      1,
      3,
      1,
      1,
      2,
      2,
      0,
      0,
      3,
      1,
      1,
      0,
      0,
      1,
      0,
      2,
      2,
      3,
      1,
      2,
      0,
      0
    ],
    [
      2,
      2,
      0,
      2,
      3,
      3,
      0,
      3,
      1,
      1,
      3,
      1,
      2,
      0,
      2,
      2,
      1,
      3,
      1,
      1,
      3,
      1,
      1,
      2,
      2,
      0,
      2,
      1,
      3,
      0,
      2,
      2,
      1,
      0,
      3,
      1,
      1,
      0,
      3,
      1,
      2,
      0,
      3,
      3,
      3,
      1,
      1,
      0
    ],
    [
      1,
      0,
      1,
      1,
      2,
      0,
      2,
      2,
      2,
      3,
      2,
      2,
      2,
      2,
      0,
      3,
      0,
      1,
      0,
      3,
      1,
      2,
      0,
      3,
      3,
      0,
      1,
      1,
      0,
      0,
      3,
      3,
      1,
      0,
      0,
      0,
      1,
      0,
      2,
      3,
      0,
      3,
      2,
      3,
      2,
      1,
      3,
      3
    ],
    [
      3,
      3,
      1,
      1,
      2,
      3,
      0,
      2,
      1,
      1,
      2,
      3,
      3,
      0,
      2,
      1,
      3,
      3,
      3,
      0,
      2,
      1,
      2,
      3,
      0,
      2,
      1,
      3,
      3,
      3,
      2,
      1,
      3,
      1,
      3,
      2,
      1,
      2,
      2,
      3,
      3,
      3,
      1,
      2,
      2,
      1,
      3,
      3
    ],
    [
      2,
      1,
      2,
      2,
      1,
      2,
      1,
      3,
      1,
      2,
      0,
      3,
      3,
      0,
      0,
      2,
      0,
      2,
      1,
      0,
      0,
      2,
      1,
      2,
      3,
      1,
      1,
      0,
      3,
      1,
      3,
      1,
      0,
      2,
      0,
      2,
      2,
      1,
      0,
      3,
      1,
      1,
      0,
      0,
      2,
      2,
      1,
      2
    ],
    [
      1,
      2,
      0,
      2,
      0,
      2,
      3,
      3,
      3,
      0,
      2,
      2,
      3,
      3,
      1,
      1,
      3,
      1,
      1,
      2,
      2,
      2,
      2,
      2,
      0,
      2,
      3,
      1,
      3,
      2,
      0,
      3,
      3,
      3,
      2,
      2,
      2,
      2,
      2,
      1,
      3,
      1,
      3,
      1,
      3,
      0,
      2,
      2
    ],
    [
      1,
      2,
      0,
      2,
      0,
      2,
      3,
      3,
      3,
      0,
      2,
      2,
      3,
      3,
      1,
      1,
      3,
      1,
      1,
      2,
      2,
      2,
      2,
      2,
      0,
      2,
      3,
      1,
      3,
      2,
      0,
      3,
      3,
      3,
      2,
      2,
      2,
      2,
      2,
      1,
      3,
      1,
      3,
      1,
      3,
      0,
      2,
      2
    ],
    [
      2,
      2,
      1,
      2,
      2,
      2,
      3,
      0,
      0,
      1,
      3,
      1,
      3,
      1,
      2,
      2,
      0,
      2,
      1,
      2,
      2,
      1,
      0,
      1,
      3,
      1,
      0,
      2,
      3,
      1,
      2,
      1,
      3,
      1,
      1,
      1,
      0,
      2,
      1,
      1,
      2,
      1,
      1,
      0,
      1,
      1,
      2,
      1
    ],
    [
      2,
      3,
      1,
      1,
      2,
      3,
      0,
      2,
      2,
      2,
      2,
      3,
      0,
      2,
      2,
      1,
      3,
      3,
      1,
      3,
      1,
      3,
      1,
      1,
      2,
      0,
      1,
      3,
      3,
      3,
      3,
      0,
      2,
      1,
      0,
      2,
      1,
      2,
      2,
      2,
      1,
      2,
      1,
      3,
      3,
      2,
      3,
      0
    ],
    [
      1,
      1,
      2,
      3,
      0,
      2,
      0,
      0,
      2,
      1,
      1,
      2,
      2,
      0,
      3,
      3,
      0,
      3,
      0,
      0,
      2,
      0,
      0,
      3,
      1,
      0,
      3,
      0,
      3,
      0,
      0,
      0,
      2,
      1,
      0,
      2,
      0,
      0,
      2,
      2,
      1,
      2,
      0,
      0,
      3,
      1,
      0,
      0
    ],
    [
      3,
      0,
      0,
      0,
      3,
      1,
      3,
      0,
      3,
      0,
      0,
      3,
      3,
      0,
      3,
      0,
      1,
      0,
      0,
      1,
      1,
      3,
      1,
      1,
      2,
      0,
      2,
      0,
      3,
      2,
      2,
      0,
      2,
      1,
      0,
      2,
      0,
      2,
      3,
      0,
      3,
      1,
      1,
      2,
      1,
      2,
      0,
      0
    ],
    [
      2,
      0,
      2,
      1,
      2,
      2,
      1,
      3,
      2,
      2,
      3,
      1,
      2,
      2,
      2,
      3,
      0,
      0,
      0,
      3,
      3,
      0,
      0,
      2,
      0,
      2,
      1,
      2,
      0,
      1,
      3,
      0,
      2,
      0,
      3,
      1,
      2,
      3,
      2,
      2,
      2,
      2,
      0,
      0,
      1,
      1,
      3,
      0
    ],
    [
      1,
      3,
      1,
      2,
      1,
      3,
      0,
      0,
      0,
      2,
      0,
      2,
      0,
      0,
      3,
      0,
      0,
      3,
      2,
      3,
      0,
      2,
      0,
      3,
      1,
      3,
      1,
      2,
      0,
      0,
      0,
      2,
      0,
      2,
      2,
      2,
      0,
      0,
      2,
      1,
      2,
      2,
      1,
      2,
      2,
      1,
      2,
      0
    ],
    [
      2,
      0,
      0,
      2,
      2,
      1,
      2,
      2,
      1,
      0,
      0,
      2,
      1,
      2,
      0,
      3,
      3,
      0,
      2,
      1,
      0,
      2,
      1,
      0,
      0,
      2,
      1,
      0,
      0,
      1,
      1,
      0,
      3,
      1,
      3,
      1,
      0,
      2,
      0,
      2,
      2,
      1,
      0,
      3,
      1,
      2,
      0,
      0
    ],
    [
      2,
      0,
      2,
      0,
      1,
      0,
      3,
      1,
      1,
      2,
      0,
      1,
      3,
      1,
      0,
      3,
      1,
      1,
      2,
      1,
      0,
      1,
      0,
      3,
      0,
      0,
      0,
      0,
      1,
      0,
      2,
      0,
      0,
      1,
      1,
      0,
      0,
      0,
      2,
      3,
      0,
      0,
      3,
      1,
      0,
      2,
      1,
      1
    ],
    [
      1,
      1,
      1,
      3,
      2,
      2,
      2,
      2,
      0,
      0,
      3,
      2,
      3,
      0,
      2,
      3,
      0,
      2,
      3,
      2,
      1,
      1,
      3,
      0,
      1,
      3,
      0,
      2,
      3,
      1,
      0,
      3,
      3,
      2,
      3,
      1,
      1,
      1,
      1,
      2,
      3,
      0,
      2,
      2,
      3,
      2,
      0,
      2
    ],
    [
      1,
      1,
      2,
      2,
      2,
      2,
      1,
      3,
      0,
      0,
      0,
      2,
      2,
      3,
      1,
      1,
      2,
      2,
      0,
      3,
      2,
      3,
      0,
      0,
      1,
      1,
      2,
      2,
      0,
      2,
      3,
      0,
      0,
      3,
      1,
      1,
      1,
      1,
      1,
      1,
      1,
      2,
      0,
      3,
      1,
      3,
      0,
      3
    ],
    [
      1,
      1,
      2,
      0,
      0,
      2,
      2,
      1,
      0,
      0,
      0,
      2,
      3,
      0,
      2,
      0,
      0,
      2,
      3,
      3,
      1,
      1,
      0,
      2,
      1,
      1,
      0,
      2,
      0,
      1,
      0,
      0,
      0,
      2,
      3,
      1,
      1,
      0,
      1,
      2,
      0,
      0,
      2,
      1,
      3,
      2,
      0,
      2
    ],
    [
      2,
      2,
      2,
      1,
      3,
      1,
      3,
      3,
      3,
      1,
      1,
      2,
      0,
      2,
      1,
      3,
      1,
      1,
      1,
      3,
      1,
      3,
      0,
      1,
      2,
      1,
      0,
      2,
      1,
      3,
      2,
      0,
      3,
      0,
      3,
      2,
      2,
      2,
      0,
      2,
      3,
      1,
      2,
      1,
      3,
      1,
      2,
      2
    ],
    [
      3,
      2,
      3,
      1,
      3,
      1,
      2,
      0,
      3,
      3,
      3,
      1,
      1,
      2,
      3,
      3,
      1,
      1,
      0,
      3,
      0,
      1,
      2,
      1,
      2,
      3,
      2,
      3,
      0,
      2,
      3,
      1,
      2,
      1,
      3,
      1,
      2,
      3,
      3,
      0,
      0,
      2,
      2,
      0,
      3,
      2,
      3,
      1
    ],
    [
      3,
      3,
      3,
      1,
      3,
      1,
      2,
      3,
      3,
      3,
      3,
      1,
      1,
      3,
      0,
      3,
      2,
      1,
      0,
      0,
      2,
      1,
      2,
      1,
      2,
      0,
      2,
      3,
      0,
      2,
      2,
      1,
      2,
      2,
      3,
      1,
      2,
      3,
      3,
      0,
      3,
      2,
      2,
      3,
      3,
      2,
      3,
      1
    ],
    [
      3,
      1,
      1,
      3,
      3,
      3,
      3,
      2,
      2,
      2,
      3,
      3,
      2,
      3,
      1,
      1,
      2,
      1,
      3,
      2,
      3,
      1,
      3,
      1,
      3,
      0,
      3,
      1,
      3,
      1,
      1,
      2,
      1,
      2,
      0,
      1,
      2,
      1,
      2,
      2,
      3,
      2,
      3,
      3,
      0,
      3,
      1,
      1
    ],
    [
      3,
      0,
      0,
      3,
      1,
      1,
      1,
      0,
      0,
      3,
      1,
      0,
      3,
      1,
      0,
      3,
      1,
      0,
      3,
      1,
      2,
      1,
      1,
      3,
      1,
      1,
      0,
      2,
      1,
      3,
      3,
      3,
      0,
      0,
      3,
      1,
      0,
      2,
      0,
      2,
      0,
      3,
      2,
      0,
      2,
      1,
      1,
      2
    ],
    [
      3,
      3,
      0,
      0,
      3,
      1,
      0,
      0,
      2,
      0,
      0,
      0,
      2,
      2,
      1,
      2,
      2,
      1,
      2,
      3,
      2,
      2,
      2,
      1,
      1,
      2,
      3,
      0,
      0,
      3,
      1,
      2,
      3,
      1,
      0,
      3,
      3,
      0,
      2,
      2,
      2,
      2,
      0,
      0,
      1,
      1,
      2,
      2
    ],
    [
      2,
      0,
      0,
      2,
      2,
      1,
      2,
      1,
      1,
      0,
      3,
      2,
      3,
      3,
      0,
      2,
      2,
      1,
      2,
      3,
      0,
      3,
      0,
      3,
      1,
      1,
      0,
      2,
      1,
      3,
      1,
      1,
      2,
      1,
      1,
      2,
      2,
      1,
      3,
      0,
      3,
      0,
      3,
      3,
      3,
      2,
      2,
      1
    ],
    [
      2,
      3,
      2,
      0,
      3,
      1,
      2,
      0,
      1,
      3,
      0,
      3,
      0,
      0,
      2,
      2,
      0,
      2,
      3,
      1,
      2,
      1,
      0,
      0,
      1,
      0,
      3,
      3,
      1,
      1,
      0,
      1,
      2,
      1,
      1,
      0,
      2,
      1,
      2,
      1,
      2,
      0,
      3,
      1,
      0,
      3,
      1,
      1
    ],
    [
      2,
      0,
      2,
      0,
      2,
      1,
      0,
      2,
      0,
      0,
      2,
      0,
      0,
      2,
      1,
      2,
      2,
      2,
      2,
      0,
      2,
      2,
      2,
      2,
      0,
      2,
      3,
      1,
      1,
      2,
      2,
      2,
      2,
      2,
      1,
      1,
      3,
      2,
      2,
      0,
      3,
      2,
      2,
      1,
      0,
      2,
      2,
      1
    ],
    [
      0,
      0,
      2,
      0,
      3,
      1,
      0,
      0,
      2,
      3,
      0,
      1,
      1,
      2,
      1,
      1,
      1,
      1,
      1,
      1,
      1,
      1,
      3,
      1,
      1,
      0,
      0,
      0,
      1,
      1,
      1,
      3,
      1,
      1,
      2,
      1,
      1,
      3,
      1,
      1,
      0,
      1,
      1,
      0,
      1,
      1,
      1,
      1
    ],
    [
      3,
      0,
      2,
      2,
      2,
      2,
      3,
      0,
      2,
      0,
      2,
      1,
      3,
      1,
      1,
      2,
      3,
      1,
      1,
      1,
      0,
      0,
      0,
      0,
      1,
      2,
      1,
      2,
      2,
      0,
      0,
      3,
      0,
      1,
      2,
      2,
      1,
      2,
      0,
      2,
      3,
      0,
      1,
      1,
      0,
      2,
      1,
      2
    ],
    [
      2,
      1,
      0,
      3,
      1,
      1,
      0,
      1,
      0,
      3,
      1,
      1,
      0,
      0,
      1,
      1,
      0,
      0,
      3,
      0,
      3,
      3,
      0,
      0,
      0,
      3,
      3,
      2,
      0,
      0,
      2,
      1,
      0,
      0,
      1,
      0,
      0,
      1,
      0,
      0,
      1,
      0,
      0,
      1,
      0,
      0,
      1,
      0
    ],
    [
      0,
      1,
      1,
      0,
      2,
      3,
      0,
      3,
      1,
      2,
      1,
      2,
      0,
      0,
      2,
      1,
      3,
      1,
      2,
      1,
      2,
      2,
      2,
      0,
      1,
      0,
      0,
      0,
      0,
      3,
      3,
      0,
      2,
      3,
      1,
      3,
      1,
      3,
      1,
      0,
      3,
      3,
      2,
      0,
      0,
      0,
      2,
      1
    ],
    [
      3,
      1,
      1,
      0,
      3,
      1,
      2,
      2,
      1,
      0,
      0,
      0,
      2,
      1,
      0,
      0,
      3,
      2,
      3,
      1,
      1,
      0,
      3,
      1,
      3,
      1,
      1,
      3,
      2,
      0,
      2,
      1,
      3,
      0,
      2,
      1,
      3,
      1,
      0,
      0,
      0,
      1,
      1,
      1,
      1,
      0,
      2,
      0
    ],
    [
      1,
      2,
      3,
      1,
      0,
      0,
      2,
      2,
      1,
      1,
      2,
      3,
      0,
      0,
      2,
      2,
      0,
      1,
      2,
      0,
      0,
      2,
      2,
      1,
      2,
      2,
      0,
      3,
      0,
      3,
      0,
      3,
      1,
      1,
      2,
      2,
      2,
      0,
      3,
      0,
      3,
      1,
      0,
      3,
      0,
      3,
      2,
      0
    ],
    [
      1,
      2,
      0,
      2,
      3,
      0,
      1,
      1,
      1,
      2,
      3,
      3,
      3,
      1,
      2,
      3,
      0,
      2,
      2,
      2,
      1,
      1,
      0,
      1,
      2,
      2,
      1,
      3,
      1,
      1,
      3,
      3,
      0,
      0,
      3,
      1,
      2,
      1,
      2,
      2,
      3,
      1,
      1,
      2,
      3,
      3,
      3,
      1
    ],
    [
      3,
      1,
      0,
      1,
      1,
      1,
      2,
      1,
      0,
      3,
      0,
      2,
      1,
      0,
      0,
      1,
      0,
      1,
      3,
      1,
      0,
      3,
      1,
      0,
      2,
      0,
      2,
      0,
      0,
      2,
      2,
      0,
      1,
      3,
      1,
      1,
      3,
      0,
      3,
      3,
      0,
      2,
      2,
      1,
      0,
      1,
      3,
      1
    ],
    [
      3,
      2,
      3,
      2,
      3,
      1,
      1,
      1,
      0,
      2,
      3,
      2,
      0,
      3,
      3,
      0,
      0,
      2,
      0,
      3,
      1,
      3,
      1,
      0,
      1,
      3,
      3,
      1,
      3,
      2,
      3,
      1,
      0,
      2,
      3,
      0,
      3,
      3,
      0,
      2,
      3,
      1,
      2,
      2,
      2,
      2,
      2,
      2
    ],
    [
      0,
      3,
      0,
      0,
      3,
      0,
      2,
      2,
      2,
      0,
      2,
      1,
      0,
      3,
      0,
      2,
      2,
      2,
      0,
      0,
      2,
      2,
      1,
      0,
      1,
      2,
      1,
      2,
      2,
      1,
      3,
      2,
      0,
      0,
      3,
      2,
      2,
      2,
      2,
      2,
      3,
      2,
      2,
      2,
      1,
      0,
      2,
      0
    ],
    [
      1,
      1,
      0,
      2,
      1,
      0,
      2,
      2,
      0,
      2,
      1,
      3,
      0,
      3,
      3,
      2,
      0,
      0,
      3,
      1,
      1,
      2,
      0,
      3,
      0,
      3,
      1,
      1,
      2,
      2,
      3,
      0,
      0,
      2,
      3,
      3,
      0,
      3,
      1,
      1,
      3,
      1,
      0,
      0,
      2,
      0,
      3,
      2
    ],
    [
      2,
      0,
      1,
      3,
      1,
      1,
      2,
      0,
      0,
      0,
      3,
      3,
      0,
      3,
      1,
      1,
      2,
      1,
      1,
      2,
      1,
      2,
      3,
      0,
      1,
      0,
      3,
      3,
      3,
      3,
      1,
      3,
      3,
      3,
      1,
      1,
      1,
      3,
      0,
      2,
      2,
      0,
      3,
      0,
      3,
      0,
      0,
      2
    ],
    [
      2,
      2,
      1,
      2,
      3,
      0,
      3,
      3,
      3,
      0,
      0,
      0,
      3,
      2,
      3,
      1,
      2,
      1,
      1,
      2,
      1,
      3,
      2,
      3,
      1,
      0,
      0,
      3,
      0,
      3,
      3,
      1,
      1,
      2,
      2,
      1,
      2,
      0,
      2,
      1,
      2,
      1,
      2,
      2,
      1,
      1,
      2,
      0
    ],
    [
      1,
      0,
      1,
      0,
      0,
      1,
      2,
      0,
      0,
      0,
      0,
      1,
      0,
      0,
      2,
      0,
      3,
      0,
      3,
      0,
      2,
      0,
      0,
      0,
      1,
      2,
      0,
      0,
      0,
      1,
      3,
      1,
      0,
      2,
      0,
      1,
      2,
      0,
      1,
      0,
      3,
      1,
      0,
      0,
      0,
      1,
      1,
      1
    ],
    [
      3,
      1,
      1,
      2,
      2,
      3,
      0,
      0,
      2,
      3,
      1,
      0,
      3,
      3,
      2,
      2,
      2,
      3,
      0,
      2,
      1,
      2,
      2,
      1,
      2,
      2,
      1,
      2,
      2,
      0,
      1,
      2,
      3,
      3,
      2,
      3,
      0,
      0,
      2,
      3,
      3,
      0,
      2,
      2,
      2,
      2,
      3,
      3
    ],
    [
      0,
      2,
      1,
      2,
      0,
      3,
      0,
      0,
      2,
      3,
      1,
      0,
      2,
      1,
      2,
      0,
      3,
      0,
      3,
      0,
      3,
      3,
      0,
      0,
      1,
      2,
      1,
      1,
      0,
      2,
      2,
      0,
      2,
      1,
      0,
      3,
      3,
      1,
      1,
      0,
      0,
      2,
      1,
      3,
      2,
      2,
      2,
      2
    ],
    [
      0,
      1,
      3,
      1,
      3,
      3,
      2,
      2,
      3,
      2,
      2,
      1,
      0,
      3,
      1,
      2,
      3,
      3,
      0,
      3,
      0,
      0,
      2,
      1,
      0,
      3,
      2,
      3,
      1,
      3,
      2,
      3,
      0,
      1,
      1,
      1,
      2,
      2,
      0,
      0,
      2,
      3,
      1,
      2,
      3,
      0,
      3,
      2
    ],
    [
      2,
      2,
      1,
      2,
      1,
      0,
      1,
      2,
      3,
      1,
      0,
      0,
      3,
      0,
      0,
      2,
      1,
      1,
      3,
      3,
      1,
      3,
      0,
      0,
      1,
      1,
      2,
      1,
      0,
      0,
      3,
      2,
      1,
      3,
      0,
      2,
      2,
      1,
      0,
      0,
      3,
      1,
      2,
      1,
      2,
      2,
      3,
      3
    ],
    [
      1,
      0,
      1,
      0,
      1,
      1,
      2,
      0,
      1,
      2,
      1,
      1,
      2,
      0,
      1,
      2,
      1,
      1,
      2,
      0,
      0,
      3,
      0,
      3,
      3,
      0,
      1,
      2,
      0,
      2,
      3,
      0,
      1,
      2,
      1,
      1,
      2,
      3,
      1,
      2,
      0,
      2,
      3,
      0,
      2,
      3,
      0,
      3
    ],
    [
      2,
      1,
      0,
      0,
      0,
      2,
      0,
      1,
      0,
      2,
      1,
      1,
      3,
      1,
      2,
      3,
      1,
      0,
      0,
      0,
      3,
      1,
      0,
      0,
      1,
      1,
      1,
      0,
      1,
      0,
      0,
      0,
      2,
      2,
      1,
      1,
      3,
      1,
      1,
      1,
      0,
      0,
      1,
      0,
      0,
      3,
      1,
      2
    ],
    [
      3,
      0,
      1,
      0,
      3,
      0,
      2,
      1,
      3,
      3,
      2,
      0,
      2,
      2,
      0,
      3,
      2,
      1,
      2,
      3,
      1,
      2,
      2,
      1,
      2,
      1,
      2,
      0,
      2,
      1,
      1,
      3,
      1,
      2,
      2,
      3,
      3,
      3,
      0,
      3,
      0,
      0,
      0,
      2,
      2,
      3,
      3,
      0
    ],
    [
      3,
      3,
      1,
      1,
      3,
      2,
      0,
      2,
      0,
      3,
      3,
      2,
      3,
      2,
      0,
      0,
      0,
      0,
      3,
      3,
      1,
      3,
      1,
      3,
      2,
      3,
      1,
      2,
      1,
      0,
      2,
      1,
      1,
      3,
      1,
      1,
      2,
      1,
      1,
      3,
      3,
      0,
      2,
      1,
      2,
      2,
      2,
      0
    ],
    [
      0,
      3,
      1,
      1,
      2,
      3,
      3,
      3,
      3,
      1,
      0,
      0,
      2,
      2,
      3,
      0,
      3,
      3,
      0,
      2,
      1,
      1,
      2,
      1,
      2,
      3,
      1,
      2,
      2,
      1,
      0,
      0,
      3,
      3,
      2,
      3,
      0,
      3,
      2,
      2,
      2,
      3,
      0,
      2,
      1,
      3,
      1,
      0
    ],
    [
      2,
      3,
      0,
      2,
      0,
      3,
      1,
      0,
      2,
      1,
      1,
      0,
      3,
      3,
      3,
      0,
      0,
      3,
      1,
      3,
      1,
      1,
      3,
      3,
      1,
      1,
      3,
      0,
      2,
      1,
      2,
      2,
      2,
      1,
      2,
      3,
      2,
      2,
      1,
      0,
      0,
      2,
      1,
      3,
      3,
      1,
      2,
      3
    ],
    [
      0,
      2,
      1,
      2,
      2,
      2,
      1,
      2,
      2,
      3,
      2,
      2,
      2,
      3,
      2,
      0,
      3,
      1,
      0,
      2,
      1,
      2,
      3,
      3,
      2,
      3,
      1,
      3,
      2,
      1,
      1,
      2,
      2,
      2,
      3,
      3,
      2,
      3,
      3,
      3,
      1,
      3,
      2,
      3,
      1,
      2,
      2,
      2
    ],
    [
      2,
      3,
      1,
      0,
      3,
      3,
      3,
      0,
      2,
      0,
      1,
      1,
      0,
      3,
      0,
      0,
      2,
      3,
      3,
      3,
      0,
      2,
      3,
      2,
      1,
      1,
      1,
      2,
      3,
      1,
      1,
      2,
      2,
      3,
      1,
      0,
      3,
      1,
      2,
      1,
      3,
      3,
      3,
      2,
      2,
      2,
      1,
      0
    ],
    [
      1,
      2,
      0,
      0,
      0,
      2,
      1,
      0,
      3,
      0,
      3,
      0,
      2,
      2,
      3,
      1,
      3,
      3,
      1,
      2,
      2,
      2,
      0,
      2,
      1,
      2,
      2,
      2,
      3,
      2,
      1,
      2,
      2,
      2,
      3,
      3,
      3,
      3,
      1,
      2,
      2,
      2,
      2,
      2,
      1,
      0,
      3,
      2
    ],
    [
      1,
      0,
      1,
      1,
      1,
      2,
      3,
      0,
      2,
      1,
      1,
      2,
      3,
      0,
      3,
      2,
      3,
      1,
      0,
      2,
      1,
      1,
      1,
      1,
      0,
      0,
      0,
      0,
      2,
      1,
      2,
      0,
      3,
      0,
      0,
      0,
      0,
      2,
      1,
      3,
      0,
      2,
      2,
      0,
      0,
      2,
      1,
      0
    ],
    [
      1,
      3,
      2,
      0,
      2,
      1,
      0,
      2,
      1,
      0,
      0,
      3,
      2,
      3,
      3,
      0,
      2,
      2,
      0,
      2,
      2,
      0,
      0,
      2,
      0,
      2,
      1,
      0,
      2,
      1,
      0,
      0,
      2,
      2,
      0,
      0,
      0,
      2,
      2,
      0,
      2,
      2,
      2,
      1,
      0,
      1,
      3,
      2
    ],
    [
      2,
      2,
      2,
      2,
      3,
      2,
      2,
      3,
      0,
      1,
      0,
      3,
      2,
      0,
      0,
      1,
      3,
      0,
      1,
      1,
      0,
      3,
      3,
      1,
      2,
      3,
      3,
      3,
      2,
      3,
      3,
      3,
      0,
      2,
      2,
      1,
      2,
      1,
      0,
      2,
      3,
      2,
      3,
      1,
      3,
      3,
      3,
      1
    ],
    [
      2,
      0,
      2,
      1,
      3,
      2,
      1,
      0,
      3,
      2,
      3,
      1,
      1,
      2,
      1,
      0,
      3,
      3,
      1,
      3,
      1,
      1,
      3,
      1,
      1,
      2,
      0,
      2,
      0,
      2,
      2,
      1,
      3,
      2,
      3,
      0,
      2,
      1,
      0,
      2,
      2,
      2,
      2,
      3,
      1,
      0,
      2,
      1
    ],
    [
      0,
      2,
      3,
      0,
      3,
      0,
      0,
      2,
      1,
      1,
      0,
      2,
      1,
      0,
      3,
      1,
      1,
      0,
      3,
      0,
      3,
      1,
      1,
      3,
      2,
      3,
      3,
      0,
      2,
      1,
      2,
      2,
      3,
      0,
      2,
      1,
      2,
      2,
      0,
      1,
      1,
      2,
      0,
      2,
      3,
      0,
      0,
      0
    ],
    [
      2,
      1,
      2,
      2,
      2,
      2,
      2,
      3,
      1,
      2,
      2,
      3,
      3,
      0,
      2,
      3,
      0,
      3,
      0,
      2,
      1,
      2,
      2,
      3,
      2,
      0,
      3,
      1,
      3,
      1,
      1,
      2,
      1,
      2,
      1,
      2,
      3,
      3,
      2,
      3,
      3,
      3,
      0,
      3,
      0,
      2,
      2,
      1
    ],
    [
      2,
      3,
      1,
      1,
      3,
      0,
      3,
      3,
      1,
      3,
      1,
      1,
      2,
      3,
      1,
      2,
      1,
      0,
      2,
      1,
      0,
      2,
      1,
      2,
      2,
      2,
      1,
      3,
      3,
      0,
      1,
      1,
      2,
      0,
      0,
      2,
      3,
      0,
      2,
      1,
      3,
      1,
      0,
      3,
      3,
      3,
      1,
      1
    ],
    [
      3,
      1,
      0,
      2,
      2,
      2,
      3,
      1,
      1,
      0,
      1,
      0,
      1,
      0,
      3,
      2,
      0,
      1,
      1,
      0,
      0,
      1,
      0,
      0,
      0,
      0,
      0,
      0,
      1,
      1,
      2,
      0,
      3,
      0,
      2,
      0,
      2,
      0,
      0,
      2,
      0,
      2,
      1,
      0,
      0,
      1,
      0,
      0
    ],
    [
      0,
      2,
      3,
      1,
      3,
      0,
      1,
      3,
      0,
      2,
      3,
      1,
      1,
      2,
      1,
      2,
      0,
      2,
      1,
      1,
      3,
      1,
      0,
      3,
      0,
      3,
      0,
      1,
      1,
      3,
      3,
      1,
      0,
      2,
      0,
      2,
      2,
      3,
      2,
      2,
      2,
      0,
      0,
      1,
      2,
      0,
      1,
      3
    ],
    [
      0,
      0,
      0,
      2,
      0,
      0,
      2,
      0,
      0,
      0,
      0,
      2,
      3,
      0,
      2,
      0,
      0,
      2,
      0,
      0,
      3,
      2,
      0,
      0,
      0,
      1,
      0,
      0,
      0,
      3,
      2,
      0,
      1,
      3,
      1,
      0,
      0,
      0,
      1,
      2,
      1,
      3,
      2,
      0,
      2,
      1,
      0,
      3
    ],
    [
      2,
      1,
      3,
      1,
      0,
      2,
      2,
      1,
      2,
      2,
      0,
      1,
      3,
      1,
      1,
      3,
      1,
      0,
      0,
      0,
      0,
      3,
      0,
      3,
      2,
      3,
      1,
      2,
      0,
      0,
      3,
      1,
      0,
      3,
      1,
      0,
      3,
      1,
      1,
      2,
      1,
      2,
      3,
      1,
      0,
      3,
      1,
      1
    ],
    [
      1,
      0,
      2,
      2,
      1,
      2,
      2,
      0,
      1,
      3,
      1,
      1,
      3,
      1,
      0,
      0,
      0,
      0,
      3,
      0,
      3,
      2,
      3,
      1,
      2,
      0,
      0,
      3,
      1,
      0,
      3,
      1,
      0,
      3,
      1,
      1,
      2,
      1,
      2,
      3,
      1,
      0,
      3,
      1,
      1,
      2,
      0,
      1
    ],
    [
      3,
      3,
      1,
      0,
      1,
      2,
      1,
      2,
      1,
      2,
      1,
      0,
      3,
      1,
      0,
      2,
      3,
      0,
      2,
      1,
      3,
      3,
      0,
      2,
      0,
      3,
      3,
      3,
      3,
      1,
      2,
      0,
      0,
      3,
      1,
      0,
      3,
      2,
      2,
      3,
      0,
      2,
      2,
      1,
      3,
      0,
      2,
      0
    ],
    [
      3,
      0,
      2,
      2,
      1,
      1,
      3,
      1,
      1,
      0,
      2,
      0,
      1,
      0,
      3,
      0,
      0,
      0,
      0,
      1,
      1,
      2,
      0,
      2,
      2,
      1,
      0,
      0,
      1,
      1,
      1,
      0,
      2,
      2,
      1,
      1,
      1,
      0,
      3,
      0,
      0,
      3,
      2,
      0,
      3,
      1,
      1,
      2
    ],
    [
      1,
      0,
      1,
      2,
      3,
      0,
      2,
      1,
      1,
      2,
      0,
      0,
      3,
      1,
      0,
      3,
      3,
      0,
      1,
      0,
      3,
      1,
      0,
      0,
      1,
      3,
      1,
      3,
      0,
      0,
      3,
      1,
      2,
      0,
      3,
      3,
      0,
      3,
      1,
      1,
      2,
      2,
      3,
      0,
      3,
      3,
      3,
      1
    ],
    [
      2,
      3,
      2,
      2,
      1,
      0,
      3,
      1,
      1,
      3,
      1,
      1,
      3,
      1,
      1,
      3,
      1,
      1,
      1,
      0,
      1,
      0,
      0,
      1,
      1,
      0,
      1,
      1,
      3,
      1,
      3,
      1,
      1,
      1,
      0,
      2,
      2,
      1,
      2,
      1,
      3,
      1,
      0,
      1,
      0,
      3,
      1,
      2
    ],
    [
      2,
      1,
      1,
      1,
      3,
      3,
      1,
      1,
      0,
      3,
      1,
      0,
      2,
      0,
      2,
      2,
      2,
      0,
      1,
      2,
      1,
      1,
      1,
      1,
      2,
      1,
      3,
      2,
      0,
      2,
      3,
      0,
      2,
      2,
      1,
      2,
      0,
      0,
      3,
      1,
      1,
      0,
      1,
      1,
      0,
      0,
      2,
      0
    ],
    [
      2,
      1,
      1,
      2,
      0,
      2,
      1,
      3,
      1,
      3,
      0,
      2,
      3,
      1,
      1,
      0,
      0,
      1,
      3,
      1,
      0,
      3,
      1,
      1,
      2,
      2,
      1,
      0,
      0,
      3,
      3,
      3,
      1,
      3,
      0,
      3,
      2,
      3,
      1,
      2,
      0,
      0,
      0,
      0,
      3,
      3,
      1,
      0
    ],
    [
      3,
      3,
      1,
      2,
      2,
      1,
      1,
      0,
      0,
      2,
      2,
      3,
      3,
      3,
      1,
      3,
      1,
      1,
      2,
      0,
      3,
      0,
      0,
      3,
      2,
      0,
      1,
      2,
      3,
      0,
      0,
      2,
      2,
      0,
      0,
      2,
      3,
      2,
      1,
      2,
      2,
      2,
      2,
      0,
      2,
      0,
      3,
      3
    ],
    [
      3,
      0,
      2,
      1,
      3,
      3,
      2,
      0,
      2,
      0,
      2,
      2,
      0,
      0,
      2,
      2,
      3,
      1,
      0,
      2,
      3,
      3,
      3,
      0,
      0,
      3,
      1,
      1,
      2,
      1,
      2,
      2,
      3,
      2,
      3,
      2,
      3,
      0,
      0,
      0,
      3,
      2,
      0,
      3,
      1,
      3,
      0,
      3
    ],
    [
      1,
      0,
      0,
      3,
      3,
      1,
      2,
      1,
      1,
      0,
      0,
      3,
      3,
      3,
      0,
      3,
      3,
      2,
      0,
      0,
      0,
      2,
      1,
      2,
      2,
      1,
      0,
      2,
      1,
      2,
      2,
      1,
      1,
      3,
      1,
      1,
      1,
      2,
      1,
      2,
      2,
      0,
      3,
      1,
      2,
      2,
      1,
      1
    ],
    [
      2,
      1,
      0,
      2,
      1,
      2,
      2,
      1,
      2,
      2,
      1,
      0,
      1,
      1,
      0,
      3,
      1,
      1,
      2,
      2,
      1,
      0,
      0,
      3,
      3,
      3,
      0,
      3,
      0,
      2,
      0,
      0,
      0,
      2,
      1,
      2,
      2,
      2,
      1,
      0,
      0,
      2,
      2,
      1,
      1,
      3,
      0,
      1
    ],
    [
      1,
      1,
      2,
      2,
      0,
      0,
      3,
      1,
      3,
      1,
      0,
      3,
      0,
      2,
      1,
      2,
      3,
      1,
      2,
      0,
      2,
      0,
      0,
      0,
      0,
      0,
      2,
      3,
      1,
      1,
      3,
      1,
      0,
      1,
      1,
      0,
      1,
      1,
      1,
      0,
      0,
      1,
      0,
      2,
      1,
      0,
      0,
      3
    ]
  ]
}
